Component: ARM Compiler 5.06 update 7 (build 960) Tool: armlink [4d3601]

==============================================================================

Section Cross References

    startup_stm32f427xx.o(RESET) refers to startup_stm32f427xx.o(STACK) for __initial_sp
    startup_stm32f427xx.o(RESET) refers to startup_stm32f427xx.o(.text) for Reset_Handler
    startup_stm32f427xx.o(RESET) refers to stm32f4xx_it.o(i.NMI_Handler) for NMI_Handler
    startup_stm32f427xx.o(RESET) refers to stm32f4xx_it.o(i.HardFault_Handler) for HardFault_Handler
    startup_stm32f427xx.o(RESET) refers to stm32f4xx_it.o(i.MemManage_Handler) for MemManage_Handler
    startup_stm32f427xx.o(RESET) refers to stm32f4xx_it.o(i.BusFault_Handler) for BusFault_Handler
    startup_stm32f427xx.o(RESET) refers to stm32f4xx_it.o(i.UsageFault_Handler) for UsageFault_Handler
    startup_stm32f427xx.o(RESET) refers to port.o(.emb_text) for SVC_Handler
    startup_stm32f427xx.o(RESET) refers to stm32f4xx_it.o(i.DebugMon_Handler) for DebugMon_Handler
    startup_stm32f427xx.o(RESET) refers to port.o(i.SysTick_Handler) for SysTick_Handler
    startup_stm32f427xx.o(RESET) refers to stm32f4xx_it.o(i.CAN1_RX0_IRQHandler) for CAN1_RX0_IRQHandler
    startup_stm32f427xx.o(RESET) refers to stm32f4xx_it.o(i.TIM6_DAC_IRQHandler) for TIM6_DAC_IRQHandler
    startup_stm32f427xx.o(RESET) refers to stm32f4xx_it.o(i.DMA2_Stream2_IRQHandler) for DMA2_Stream2_IRQHandler
    startup_stm32f427xx.o(RESET) refers to stm32f4xx_it.o(i.CAN2_RX0_IRQHandler) for CAN2_RX0_IRQHandler
    startup_stm32f427xx.o(.text) refers to system_stm32f4xx.o(i.SystemInit) for SystemInit
    startup_stm32f427xx.o(.text) refers to entry.o(.ARM.Collect$$$$00000000) for __main
    main.o(i.HAL_TIM_PeriodElapsedCallback) refers to stm32f4xx_hal.o(i.HAL_IncTick) for HAL_IncTick
    main.o(i.SystemClock_Config) refers to memseta.o(.text) for __aeabi_memclr4
    main.o(i.SystemClock_Config) refers to stm32f4xx_hal_rcc.o(i.HAL_RCC_OscConfig) for HAL_RCC_OscConfig
    main.o(i.SystemClock_Config) refers to main.o(i.Error_Handler) for Error_Handler
    main.o(i.SystemClock_Config) refers to stm32f4xx_hal_rcc.o(i.HAL_RCC_ClockConfig) for HAL_RCC_ClockConfig
    main.o(i.main) refers to stm32f4xx_hal.o(i.HAL_Init) for HAL_Init
    main.o(i.main) refers to main.o(i.SystemClock_Config) for SystemClock_Config
    main.o(i.main) refers to gpio.o(i.MX_GPIO_Init) for MX_GPIO_Init
    main.o(i.main) refers to can.o(i.MX_CAN1_Init) for MX_CAN1_Init
    main.o(i.main) refers to dma.o(i.MX_DMA_Init) for MX_DMA_Init
    main.o(i.main) refers to spi.o(i.MX_SPI5_Init) for MX_SPI5_Init
    main.o(i.main) refers to usart.o(i.MX_USART1_UART_Init) for MX_USART1_UART_Init
    main.o(i.main) refers to can.o(i.MX_CAN2_Init) for MX_CAN2_Init
    main.o(i.main) refers to bsp_can.o(i.CAN_FILTER_Init) for CAN_FILTER_Init
    main.o(i.main) refers to stm32f4xx_hal_uart.o(i.HAL_UART_Receive_DMA) for HAL_UART_Receive_DMA
    main.o(i.main) refers to freertos.o(i.MX_FREERTOS_Init) for MX_FREERTOS_Init
    main.o(i.main) refers to cmsis_os.o(i.osKernelStart) for osKernelStart
    main.o(i.main) refers to can.o(.bss) for hcan1
    main.o(i.main) refers to dr16_remote.o(.bss) for DBUS_RX_buffer
    main.o(i.main) refers to usart.o(.bss) for huart1
    gpio.o(i.MX_GPIO_Init) refers to memseta.o(.text) for __aeabi_memclr4
    gpio.o(i.MX_GPIO_Init) refers to stm32f4xx_hal_gpio.o(i.HAL_GPIO_WritePin) for HAL_GPIO_WritePin
    gpio.o(i.MX_GPIO_Init) refers to stm32f4xx_hal_gpio.o(i.HAL_GPIO_Init) for HAL_GPIO_Init
    freertos.o(i.CAN2_RX) refers to queue.o(i.xQueueReceive) for xQueueReceive
    freertos.o(i.CAN2_RX) refers to memcpya.o(.text) for __aeabi_memcpy4
    freertos.o(i.CAN2_RX) refers to m6020_motor.o(i.M6020_getInfo) for M6020_getInfo
    freertos.o(i.CAN2_RX) refers to cloud.o(i.cloud_Mpu) for cloud_Mpu
    freertos.o(i.CAN2_RX) refers to freertos.o(.data) for CAN2_ReceiveHandle
    freertos.o(i.CAN2_RX) refers to dji_c_imu.o(.data) for DJI_C_IMUFUN
    freertos.o(i.CAN_Receive_All) refers to queue.o(i.xQueueReceive) for xQueueReceive
    freertos.o(i.CAN_Receive_All) refers to memcpya.o(.text) for __aeabi_memcpy4
    freertos.o(i.CAN_Receive_All) refers to m6020_motor.o(i.M6020_getInfo) for M6020_getInfo
    freertos.o(i.CAN_Receive_All) refers to m3508_motor.o(i.M3508_getInfo) for M3508_getInfo
    freertos.o(i.CAN_Receive_All) refers to freertos.o(.data) for CAN1_ReceiveHandle
    freertos.o(i.CAN_Send) refers to cloud.o(i.Cloud_Pitch_PID) for Cloud_Pitch_PID
    freertos.o(i.CAN_Send) refers to cloud.o(i.Cloud_Yaw_PID) for Cloud_Yaw_PID
    freertos.o(i.CAN_Send) refers to chassis.o(i.Chassis_Follow) for Chassis_Follow
    freertos.o(i.CAN_Send) refers to chassis.o(i.MecanumCalculate) for MecanumCalculate
    freertos.o(i.CAN_Send) refers to chassis.o(i.Chassis_Move) for Chassis_Move
    freertos.o(i.CAN_Send) refers to m6020_motor.o(i.CAN_cmd_gimbal) for CAN_cmd_gimbal
[...]
    i.HAL_RCC_GetHCLKFreq                    0x08002774   Section        0  stm32f4xx_hal_rcc.o(i.HAL_RCC_GetHCLKFreq)
    i.HAL_RCC_GetPCLK1Freq                   0x08002780   Section        0  stm32f4xx_hal_rcc.o(i.HAL_RCC_GetPCLK1Freq)
    i.HAL_RCC_GetPCLK2Freq                   0x080027a0   Section        0  stm32f4xx_hal_rcc.o(i.HAL_RCC_GetPCLK2Freq)
    i.HAL_RCC_GetSysClockFreq                0x080027c0   Section        0  stm32f4xx_hal_rcc.o(i.HAL_RCC_GetSysClockFreq)
    i.HAL_RCC_OscConfig                      0x08002870   Section        0  stm32f4xx_hal_rcc.o(i.HAL_RCC_OscConfig)
    i.HAL_SPI_Init                           0x08002d0c   Section        0  stm32f4xx_hal_spi.o(i.HAL_SPI_Init)
    i.HAL_SPI_MspInit                        0x08002dd4   Section        0  spi.o(i.HAL_SPI_MspInit)
    i.HAL_TIMEx_BreakCallback                0x08002e5c   Section        0  stm32f4xx_hal_tim_ex.o(i.HAL_TIMEx_BreakCallback)
    i.HAL_TIMEx_CommutCallback               0x08002e5e   Section        0  stm32f4xx_hal_tim_ex.o(i.HAL_TIMEx_CommutCallback)
    i.HAL_TIM_Base_Init                      0x08002e60   Section        0  stm32f4xx_hal_tim.o(i.HAL_TIM_Base_Init)
    i.HAL_TIM_Base_MspInit                   0x08002ec6   Section        0  stm32f4xx_hal_tim.o(i.HAL_TIM_Base_MspInit)
    i.HAL_TIM_Base_Start_IT                  0x08002ec8   Section        0  stm32f4xx_hal_tim.o(i.HAL_TIM_Base_Start_IT)
    i.HAL_TIM_IC_CaptureCallback             0x08002f70   Section        0  stm32f4xx_hal_tim.o(i.HAL_TIM_IC_CaptureCallback)
    i.HAL_TIM_IRQHandler                     0x08002f72   Section        0  stm32f4xx_hal_tim.o(i.HAL_TIM_IRQHandler)
    i.HAL_TIM_OC_DelayElapsedCallback        0x08003108   Section        0  stm32f4xx_hal_tim.o(i.HAL_TIM_OC_DelayElapsedCallback)
    i.HAL_TIM_PWM_PulseFinishedCallback      0x0800310a   Section        0  stm32f4xx_hal_tim.o(i.HAL_TIM_PWM_PulseFinishedCallback)
    i.HAL_TIM_PeriodElapsedCallback          0x0800310c   Section        0  main.o(i.HAL_TIM_PeriodElapsedCallback)
    i.HAL_TIM_TriggerCallback                0x08003124   Section        0  stm32f4xx_hal_tim.o(i.HAL_TIM_TriggerCallback)
    i.HAL_UARTEx_RxEventCallback             0x08003126   Section        0  stm32f4xx_hal_uart.o(i.HAL_UARTEx_RxEventCallback)
    i.HAL_UART_ErrorCallback                 0x08003128   Section        0  stm32f4xx_hal_uart.o(i.HAL_UART_ErrorCallback)
    i.HAL_UART_Init                          0x0800312a   Section        0  stm32f4xx_hal_uart.o(i.HAL_UART_Init)
    i.HAL_UART_MspInit                       0x0800319c   Section        0  usart.o(i.HAL_UART_MspInit)
    i.HAL_UART_Receive_DMA                   0x0800326c   Section        0  stm32f4xx_hal_uart.o(i.HAL_UART_Receive_DMA)
    i.HAL_UART_RxCpltCallback                0x080032b0   Section        0  dr16_remote.o(i.HAL_UART_RxCpltCallback)
    i.HAL_UART_RxHalfCpltCallback            0x080033b4   Section        0  stm32f4xx_hal_uart.o(i.HAL_UART_RxHalfCpltCallback)
    i.HardFault_Handler                      0x080033b6   Section        0  stm32f4xx_it.o(i.HardFault_Handler)
    i.Incremental_PID                        0x080033ba   Section        0  pid.o(i.Incremental_PID)
    i.M3508_getInfo                          0x08003490   Section        0  m3508_motor.o(i.M3508_getInfo)
    i.M6020_getInfo                          0x080034ec   Section        0  m6020_motor.o(i.M6020_getInfo)
    i.MX_CAN1_Init                           0x080035e0   Section        0  can.o(i.MX_CAN1_Init)
    i.MX_CAN2_Init                           0x08003624   Section        0  can.o(i.MX_CAN2_Init)
    i.MX_DMA_Init                            0x08003668   Section        0  dma.o(i.MX_DMA_Init)
    i.MX_FREERTOS_Init                       0x080036a0   Section        0  freertos.o(i.MX_FREERTOS_Init)
    i.MX_GPIO_Init                           0x08003774   Section        0  gpio.o(i.MX_GPIO_Init)
    i.MX_SPI5_Init                           0x08003844   Section        0  spi.o(i.MX_SPI5_Init)
    i.MX_USART1_UART_Init                    0x08003888   Section        0  usart.o(i.MX_USART1_UART_Init)
    i.MecanumCalculate                       0x080038c0   Section        0  chassis.o(i.MecanumCalculate)
    i.MemManage_Handler                      0x08003978   Section        0  stm32f4xx_it.o(i.MemManage_Handler)
    i.NMI_Handler                            0x0800397c   Section        0  stm32f4xx_it.o(i.NMI_Handler)
    i.Position_PID                           0x08003980   Section        0  pid.o(i.Position_PID)
    i.StartDefaultTask                       0x08003a3e   Section        0  freertos.o(i.StartDefaultTask)
    i.SysTick_Handler                        0x08003a48   Section        0  port.o(i.SysTick_Handler)
    i.SystemClock_Config                     0x08003a7c   Section        0  main.o(i.SystemClock_Config)
    i.SystemInit                             0x08003b30   Section        0  system_stm32f4xx.o(i.SystemInit)
    i.TIM6_DAC_IRQHandler                    0x08003b44   Section        0  stm32f4xx_it.o(i.TIM6_DAC_IRQHandler)
    i.TIM_Base_SetConfig                     0x08003b54   Section        0  stm32f4xx_hal_tim.o(i.TIM_Base_SetConfig)
    i.UART_DMAError                          0x08003c2c   Section        0  stm32f4xx_hal_uart.o(i.UART_DMAError)
    UART_DMAError                            0x08003c2d   Thumb Code    80  stm32f4xx_hal_uart.o(i.UART_DMAError)
    i.UART_DMAReceiveCplt                    0x08003c7c   Section        0  stm32f4xx_hal_uart.o(i.UART_DMAReceiveCplt)
    UART_DMAReceiveCplt                      0x08003c7d   Thumb Code   176  stm32f4xx_hal_uart.o(i.UART_DMAReceiveCplt)
    i.UART_DMARxHalfCplt                     0x08003d2c   Section        0  stm32f4xx_hal_uart.o(i.UART_DMARxHalfCplt)
    UART_DMARxHalfCplt                       0x08003d2d   Thumb Code    32  stm32f4xx_hal_uart.o(i.UART_DMARxHalfCplt)
    i.UART_EndRxTransfer                     0x08003d4c   Section        0  stm32f4xx_hal_uart.o(i.UART_EndRxTransfer)
    UART_EndRxTransfer                       0x08003d4d   Thumb Code   108  stm32f4xx_hal_uart.o(i.UART_EndRxTransfer)
    i.UART_EndTxTransfer                     0x08003db8   Section        0  stm32f4xx_hal_uart.o(i.UART_EndTxTransfer)
    UART_EndTxTransfer                       0x08003db9   Thumb Code    38  stm32f4xx_hal_uart.o(i.UART_EndTxTransfer)
    i.UART_SetConfig                         0x08003de0   Section        0  stm32f4xx_hal_uart.o(i.UART_SetConfig)
    UART_SetConfig                           0x08003de1   Thumb Code   546  stm32f4xx_hal_uart.o(i.UART_SetConfig)
    i.UART_Start_Receive_DMA                 0x0800400c   Section        0  stm32f4xx_hal_uart.o(i.UART_Start_Receive_DMA)
    i.Updata_Hand_Euler_Gyro_Data            0x080040d8   Section        0  dji_c_imu.o(i.Updata_Hand_Euler_Gyro_Data)
    i.UsageFault_Handler                     0x080041c0   Section        0  stm32f4xx_it.o(i.UsageFault_Handler)
    i.__NVIC_GetPriorityGrouping             0x080041c4   Section        0  stm32f4xx_hal_cortex.o(i.__NVIC_GetPriorityGrouping)
    __NVIC_GetPriorityGrouping               0x080041c5   Thumb Code    10  stm32f4xx_hal_cortex.o(i.__NVIC_GetPriorityGrouping)
    i.__NVIC_SetPriority                     0x080041d4   Section        0  stm32f4xx_hal_cortex.o(i.__NVIC_SetPriority)
    __NVIC_SetPriority                       0x080041d5   Thumb Code    32  stm32f4xx_hal_cortex.o(i.__NVIC_SetPriority)
    i.__scatterload_copy                     0x080041fc   Section       14  handlers.o(i.__scatterload_copy)
    i.__scatterload_null                     0x0800420a   Section        2  handlers.o(i.__scatterload_null)
    i.__scatterload_zeroinit                 0x0800420c   Section       14  handlers.o(i.__scatterload_zeroinit)
    i.abs_limit                              0x0800421a   Section        0  pid.o(i.abs_limit)
    abs_limit                                0x0800421b   Thumb Code    46  pid.o(i.abs_limit)
    i.cloud_Mpu                              0x08004248   Section        0  cloud.o(i.cloud_Mpu)
    i.main                                   0x08004270   Section        0  main.o(i.main)
    i.makeFreeRtosPriority                   0x080042c8   Section        0  cmsis_os.o(i.makeFreeRtosPriority)
    makeFreeRtosPriority                     0x080042c9   Thumb Code    14  cmsis_os.o(i.makeFreeRtosPriority)
    i.osDelay                                0x080042d6   Section        0  cmsis_os.o(i.osDelay)
    i.osKernelStart                          0x080042ee   Section        0  cmsis_os.o(i.osKernelStart)
    i.osMessageCreate                        0x080042f8   Section        0  cmsis_os.o(i.osMessageCreate)
    i.osThreadCreate                         0x08004320   Section        0  cmsis_os.o(i.osThreadCreate)
    i.prvAddCurrentTaskToDelayedList         0x08004380   Section        0  tasks.o(i.prvAddCurrentTaskToDelayedList)
    prvAddCurrentTaskToDelayedList           0x08004381   Thumb Code   124  tasks.o(i.prvAddCurrentTaskToDelayedList)
    i.prvAddNewTaskToReadyList               0x08004418   Section        0  tasks.o(i.prvAddNewTaskToReadyList)
    prvAddNewTaskToReadyList                 0x08004419   Thumb Code   150  tasks.o(i.prvAddNewTaskToReadyList)
    i.prvCheckTasksWaitingTermination        0x080044cc   Section        0  tasks.o(i.prvCheckTasksWaitingTermination)
    prvCheckTasksWaitingTermination          0x080044cd   Thumb Code    60  tasks.o(i.prvCheckTasksWaitingTermination)
    i.prvCopyDataFromQueue                   0x08004514   Section        0  queue.o(i.prvCopyDataFromQueue)
    prvCopyDataFromQueue                     0x08004515   Thumb Code    42  queue.o(i.prvCopyDataFromQueue)
    i.prvCopyDataToQueue                     0x0800453e   Section        0  queue.o(i.prvCopyDataToQueue)
    prvCopyDataToQueue                       0x0800453f   Thumb Code   126  queue.o(i.prvCopyDataToQueue)
    i.prvDeleteTCB                           0x080045bc   Section        0  tasks.o(i.prvDeleteTCB)
    prvDeleteTCB                             0x080045bd   Thumb Code    80  tasks.o(i.prvDeleteTCB)
    i.prvHeapInit                            0x0800460c   Section        0  heap_4.o(i.prvHeapInit)
    prvHeapInit                              0x0800460d   Thumb Code    98  heap_4.o(i.prvHeapInit)
    i.prvIdleTask                            0x08004688   Section        0  tasks.o(i.prvIdleTask)
    prvIdleTask                              0x08004689   Thumb Code    32  tasks.o(i.prvIdleTask)
    i.prvInitialiseNewQueue                  0x080046b0   Section        0  queue.o(i.prvInitialiseNewQueue)
    prvInitialiseNewQueue                    0x080046b1   Thumb Code    38  queue.o(i.prvInitialiseNewQueue)
    i.prvInitialiseNewTask                   0x080046d6   Section        0  tasks.o(i.prvInitialiseNewTask)
    prvInitialiseNewTask                     0x080046d7   Thumb Code   180  tasks.o(i.prvInitialiseNewTask)
    i.prvInitialiseTaskLists                 0x0800478c   Section        0  tasks.o(i.prvInitialiseTaskLists)
    prvInitialiseTaskLists                   0x0800478d   Thumb Code    70  tasks.o(i.prvInitialiseTaskLists)
    i.prvInsertBlockIntoFreeList             0x080047f4   Section        0  heap_4.o(i.prvInsertBlockIntoFreeList)
    prvInsertBlockIntoFreeList               0x080047f5   Thumb Code    96  heap_4.o(i.prvInsertBlockIntoFreeList)
    i.prvIsQueueEmpty                        0x0800485c   Section        0  queue.o(i.prvIsQueueEmpty)
    prvIsQueueEmpty                          0x0800485d   Thumb Code    26  queue.o(i.prvIsQueueEmpty)
    i.prvResetNextTaskUnblockTime            0x08004878   Section        0  tasks.o(i.prvResetNextTaskUnblockTime)
    prvResetNextTaskUnblockTime              0x08004879   Thumb Code    42  tasks.o(i.prvResetNextTaskUnblockTime)
    i.prvTaskExitError                       0x080048ac   Section        0  port.o(i.prvTaskExitError)
    prvTaskExitError                         0x080048ad   Thumb Code    60  port.o(i.prvTaskExitError)
    i.prvUnlockQueue                         0x080048ec   Section        0  queue.o(i.prvUnlockQueue)
    prvUnlockQueue                           0x080048ed   Thumb Code   126  queue.o(i.prvUnlockQueue)
    i.pvPortMalloc                           0x0800496c   Section        0  heap_4.o(i.pvPortMalloc)
    i.pxPortInitialiseStack                  0x08004ab8   Section        0  port.o(i.pxPortInitialiseStack)
    i.set_3508_current                       0x08004ae4   Section        0  chassis.o(i.set_3508_current)
    i.uxListRemove                           0x08004b34   Section        0  list.o(i.uxListRemove)
    i.vApplicationGetIdleTaskMemory          0x08004b5c   Section        0  freertos.o(i.vApplicationGetIdleTaskMemory)
    i.vListInitialise                        0x08004b74   Section        0  list.o(i.vListInitialise)
    i.vListInitialiseItem                    0x08004b8e   Section        0  list.o(i.vListInitialiseItem)
    i.vListInsert                            0x08004b94   Section        0  list.o(i.vListInsert)
    i.vListInsertEnd                         0x08004bc8   Section        0  list.o(i.vListInsertEnd)
    i.vPortEnterCritical                     0x08004be0   Section        0  port.o(i.vPortEnterCritical)
    i.vPortExitCritical                      0x08004c34   Section        0  port.o(i.vPortExitCritical)
    i.vPortFree                              0x08004c70   Section        0  heap_4.o(i.vPortFree)
    i.vPortSetupTimerInterrupt               0x08004d14   Section        0  port.o(i.vPortSetupTimerInterrupt)
    i.vPortValidateInterruptPriority         0x08004d3c   Section        0  port.o(i.vPortValidateInterruptPriority)
    i.vTaskDelay                             0x08004db4   Section        0  tasks.o(i.vTaskDelay)
    i.vTaskInternalSetTimeOutState           0x08004e10   Section        0  tasks.o(i.vTaskInternalSetTimeOutState)
    i.vTaskMissedYield                       0x08004e28   Section        0  tasks.o(i.vTaskMissedYield)
    i.vTaskPlaceOnEventList                  0x08004e34   Section        0  tasks.o(i.vTaskPlaceOnEventList)
    i.vTaskStartScheduler                    0x08004e6c   Section        0  tasks.o(i.vTaskStartScheduler)
    i.vTaskSuspendAll                        0x08004f1c   Section        0  tasks.o(i.vTaskSuspendAll)
    i.vTaskSwitchContext                     0x08004f2c   Section        0  tasks.o(i.vTaskSwitchContext)
    i.xPortStartScheduler                    0x08004fb8   Section        0  port.o(i.xPortStartScheduler)
    i.xQueueGenericCreate                    0x08005120   Section        0  queue.o(i.xQueueGenericCreate)
    i.xQueueGenericCreateStatic              0x0800517a   Section        0  queue.o(i.xQueueGenericCreateStatic)
    i.xQueueGenericReset                     0x0800525c   Section        0  queue.o(i.xQueueGenericReset)
    i.xQueueGenericSendFromISR               0x080052f4   Section        0  queue.o(i.xQueueGenericSendFromISR)
    i.xQueueReceive                          0x080053f0   Section        0  queue.o(i.xQueueReceive)
    i.xTaskCheckForTimeOut                   0x08005558   Section        0  tasks.o(i.xTaskCheckForTimeOut)
    i.xTaskCreate                            0x080055e4   Section        0  tasks.o(i.xTaskCreate)
    i.xTaskCreateStatic                      0x08005648   Section        0  tasks.o(i.xTaskCreateStatic)
    i.xTaskGetSchedulerState                 0x08005704   Section        0  tasks.o(i.xTaskGetSchedulerState)
    i.xTaskIncrementTick                     0x08005724   Section        0  tasks.o(i.xTaskIncrementTick)
    i.xTaskPriorityDisinherit                0x0800586c   Section        0  tasks.o(i.xTaskPriorityDisinherit)
    i.xTaskRemoveFromEventList               0x08005934   Section        0  tasks.o(i.xTaskRemoveFromEventList)
    i.xTaskResumeAll                         0x080059cc   Section        0  tasks.o(i.xTaskResumeAll)
    .constdata                               0x08005ad0   Section      160  freertos.o(.constdata)
    .constdata                               0x08005b70   Section        8  stm32f4xx_hal_dma.o(.constdata)
    flagBitshiftOffset                       0x08005b70   Data           8  stm32f4xx_hal_dma.o(.constdata)
    .constdata                               0x08005b78   Section       24  system_stm32f4xx.o(.constdata)
    .conststring                             0x08005b90   Section       60  freertos.o(.conststring)
    .data                                    0x20000000   Section       29  freertos.o(.data)
    mark                                     0x2000001c   Data           1  freertos.o(.data)
    .data                                    0x20000020   Section        4  can.o(.data)
    HAL_RCC_CAN1_CLK_ENABLED                 0x20000020   Data           4  can.o(.data)
    .data                                    0x20000024   Section        9  stm32f4xx_hal.o(.data)
    .data                                    0x20000030   Section        4  system_stm32f4xx.o(.data)
    .data                                    0x20000034   Section       60  tasks.o(.data)
    pxDelayedTaskList                        0x20000038   Data           4  tasks.o(.data)
    pxOverflowDelayedTaskList                0x2000003c   Data           4  tasks.o(.data)
    uxDeletedTasksWaitingCleanUp             0x20000040   Data           4  tasks.o(.data)
    uxCurrentNumberOfTasks                   0x20000044   Data           4  tasks.o(.data)
    xTickCount                               0x20000048   Data           4  tasks.o(.data)
    uxTopReadyPriority                       0x2000004c   Data           4  tasks.o(.data)
    xSchedulerRunning                        0x20000050   Data           4  tasks.o(.data)
    xPendedTicks                             0x20000054   Data           4  tasks.o(.data)
    xYieldPending                            0x20000058   Data           4  tasks.o(.data)
    xNumOfOverflows                          0x2000005c   Data           4  tasks.o(.data)
    uxTaskNumber                             0x20000060   Data           4  tasks.o(.data)
    xNextTaskUnblockTime                     0x20000064   Data           4  tasks.o(.data)
    xIdleTaskHandle                          0x20000068   Data           4  tasks.o(.data)
    uxSchedulerSuspended                     0x2000006c   Data           4  tasks.o(.data)
    .data                                    0x20000070   Section       32  heap_4.o(.data)
    xStart                                   0x20000070   Data           8  heap_4.o(.data)
    pxEnd                                    0x20000078   Data           4  heap_4.o(.data)
    xFreeBytesRemaining                      0x2000007c   Data           4  heap_4.o(.data)
    xMinimumEverFreeBytesRemaining           0x20000080   Data           4  heap_4.o(.data)
    xNumberOfSuccessfulAllocations           0x20000084   Data           4  heap_4.o(.data)
    xNumberOfSuccessfulFrees                 0x20000088   Data           4  heap_4.o(.data)
    xBlockAllocatedBit                       0x2000008c   Data           4  heap_4.o(.data)
    .data                                    0x20000090   Section       12  port.o(.data)
    uxCriticalNesting                        0x20000090   Data           4  port.o(.data)
    ucMaxSysCallPriority                     0x20000094   Data           1  port.o(.data)
    ulMaxPRIGROUPValue                       0x20000098   Data           4  port.o(.data)
    .data                                    0x2000009c   Section       32  m6020_motor.o(.data)
    gimbal_can_send_data                     0x200000a4   Data           8  m6020_motor.o(.data)
    .data                                    0x200000bc   Section       36  dji_c_imu.o(.data)
    .data                                    0x200000e0   Section        8  bsp_can.o(.data)
    .data                                    0x200000e8   Section      392  chassis.o(.data)
    chassis_can_send_data                    0x20000268   Data           8  chassis.o(.data)
    .data                                    0x20000270   Section      256  cloud.o(.data)
    .bss                                     0x20000370   Section      596  freertos.o(.bss)
    xIdleTaskTCBBuffer                       0x20000370   Data          84  freertos.o(.bss)
    xIdleStack                               0x200003c4   Data         512  freertos.o(.bss)
    .bss                                     0x200005c4   Section       80  can.o(.bss)
    .bss                                     0x20000614   Section       88  spi.o(.bss)
    .bss                                     0x2000066c   Section      164  usart.o(.bss)
    .bss                                     0x20000710   Section       72  stm32f4xx_hal_timebase_tim.o(.bss)
    .bss                                     0x20000758   Section      240  tasks.o(.bss)
    pxReadyTasksLists                        0x20000758   Data         140  tasks.o(.bss)
    xDelayedTaskList1                        0x200007e4   Data          20  tasks.o(.bss)
    xDelayedTaskList2                        0x200007f8   Data          20  tasks.o(.bss)
    xPendingReadyList                        0x2000080c   Data          20  tasks.o(.bss)
    xTasksWaitingTermination                 0x20000820   Data          20  tasks.o(.bss)
    xSuspendedTaskList                       0x20000834   Data          20  tasks.o(.bss)
    .bss                                     0x20000848   Section    15360  heap_4.o(.bss)
    ucHeap                                   0x20000848   Data       15360  heap_4.o(.bss)
    .bss                                     0x20004448   Section      192  m3508_motor.o(.bss)
    .bss                                     0x20004508   Section      104  m6020_motor.o(.bss)
    gimbal_tx_message                        0x20004540   Data          24  m6020_motor.o(.bss)
    Pitch_tx_message                         0x20004558   Data          24  m6020_motor.o(.bss)
    .bss                                     0x20004570   Section       32  dji_c_imu.o(.bss)
    .bss                                     0x20004590   Section       38  dr16_remote.o(.bss)
    .bss                                     0x200045b8   Section       80  bsp_can.o(.bss)
    .bss                                     0x20004608   Section       40  chassis.o(.bss)
    chassis_tx_message                       0x20004618   Data          24  chassis.o(.bss)
    .bss                                     0x20004630   Section       48  cloud.o(.bss)
    STACK                                    0x20004660   Section     1024  startup_stm32f427xx.o(STACK)

    Global Symbols

    Symbol Name                              Value     Ov Type        Size  Object(Section)

    BuildAttributes$$THM_ISAv4$E$P$D$K$B$S$7EM$VFPi3$EXTD16$VFPS$VFMA$PE$A:L22UL41UL21$X:L11$S22US41US21$IEEE1$IW$USESV6$~STKCKD$USESV7$~SHL$OTIME$ROPI$EBA8$MICROLIB$REQ8$PRES8$EABIv2 0x00000000   Number         0  anon$$obj.o ABSOLUTE
    __ARM_use_no_argv                        0x00000000   Number         0  main.o ABSOLUTE
    __arm_fini_                               - Undefined Weak Reference
    __cpp_initialize__aeabi_                  - Undefined Weak Reference
    __cxa_finalize                            - Undefined Weak Reference
    _clock_init                               - Undefined Weak Reference
    _microlib_exit                            - Undefined Weak Reference
    __Vectors_Size                           0x000001ac   Number         0  startup_stm32f427xx.o ABSOLUTE
    __Vectors                                0x08000000   Data           4  startup_stm32f427xx.o(RESET)
    __Vectors_End                            0x080001ac   Data           0  startup_stm32f427xx.o(RESET)
    __main                                   0x080001ad   Thumb Code     0  entry.o(.ARM.Collect$$$$00000000)
    _main_stk                                0x080001ad   Thumb Code     0  entry2.o(.ARM.Collect$$$$00000001)
    _main_scatterload                        0x080001b1   Thumb Code     0  entry5.o(.ARM.Collect$$$$00000004)
    __main_after_scatterload                 0x080001b5   Thumb Code     0  entry5.o(.ARM.Collect$$$$00000004)
    _main_clock                              0x080001b5   Thumb Code     0  entry7b.o(.ARM.Collect$$$$00000008)
    _main_cpp_init                           0x080001b5   Thumb Code     0  entry8b.o(.ARM.Collect$$$$0000000A)
    _main_init                               0x080001b5   Thumb Code     0  entry9a.o(.ARM.Collect$$$$0000000B)
    __rt_lib_shutdown_fini                   0x080001bd   Thumb Code     0  entry12b.o(.ARM.Collect$$$$0000000E)
    __rt_final_cpp                           0x080001c1   Thumb Code     0  entry10a.o(.ARM.Collect$$$$0000000F)
    __rt_final_exit                          0x080001c1   Thumb Code     0  entry11a.o(.ARM.Collect$$$$00000011)
    SVC_Handler                              0x080001c5   Thumb Code    28  port.o(.emb_text)
    __asm___6_port_c_39a90d8d__prvStartFirstTask 0x080001e5   Thumb Code    36  port.o(.emb_text)
    __asm___6_port_c_39a90d8d__prvEnableVFP  0x0800020d   Thumb Code    16  port.o(.emb_text)
    PendSV_Handler                           0x08000221   Thumb Code    88  port.o(.emb_text)
    vPortGetIPSR                             0x0800027d   Thumb Code     6  port.o(.emb_text)
    Reset_Handler                            0x08000285   Thumb Code     8  startup_stm32f427xx.o(.text)
    ADC_IRQHandler                           0x0800029f   Thumb Code     0  startup_stm32f427xx.o(.text)
    CAN1_RX1_IRQHandler                      0x0800029f   Thumb Code     0  startup_stm32f427xx.o(.text)
    CAN1_SCE_IRQHandler                      0x0800029f   Thumb Code     0  startup_stm32f427xx.o(.text)
    CAN1_TX_IRQHandler                       0x0800029f   Thumb Code     0  startup_stm32f427xx.o(.text)
    CAN2_RX1_IRQHandler                      0x0800029f   Thumb Code     0  startup_stm32f427xx.o(.text)
    CAN2_SCE_IRQHandler                      0x0800029f   Thumb Code     0  startup_stm32f427xx.o(.text)
    CAN2_TX_IRQHandler                       0x0800029f   Thumb Code     0  startup_stm32f427xx.o(.text)
    DCMI_IRQHandler                          0x0800029f   Thumb Code     0  startup_stm32f427xx.o(.text)
    DMA1_Stream0_IRQHandler                  0x0800029f   Thumb Code     0  startup_stm32f427xx.o(.text)
    DMA1_Stream1_IRQHandler                  0x0800029f   Thumb Code     0  startup_stm32f427xx.o(.text)
    DMA1_Stream2_IRQHandler                  0x0800029f   Thumb Code     0  startup_stm32f427xx.o(.text)
    DMA1_Stream3_IRQHandler                  0x0800029f   Thumb Code     0  startup_stm32f427xx.o(.text)
    DMA1_Stream4_IRQHandler                  0x0800029f   Thumb Code     0  startup_stm32f427xx.o(.text)
    DMA1_Stream5_IRQHandler                  0x0800029f   Thumb Code     0  startup_stm32f427xx.o(.text)
    DMA1_Stream6_IRQHandler                  0x0800029f   Thumb Code     0  startup_stm32f427xx.o(.text)
    DMA1_Stream7_IRQHandler                  0x0800029f   Thumb Code     0  startup_stm32f427xx.o(.text)
    DMA2D_IRQHandler                         0x0800029f   Thumb Code     0  startup_stm32f427xx.o(.text)
    DMA2_Stream0_IRQHandler                  0x0800029f   Thumb Code     0  startup_stm32f427xx.o(.text)
    DMA2_Stream1_IRQHandler                  0x0800029f   Thumb Code     0  startup_stm32f427xx.o(.text)
    DMA2_Stream3_IRQHandler                  0x0800029f   Thumb Code     0  startup_stm32f427xx.o(.text)
    DMA2_Stream4_IRQHandler                  0x0800029f   Thumb Code     0  startup_stm32f427xx.o(.text)
    DMA2_Stream5_IRQHandler                  0x0800029f   Thumb Code     0  startup_stm32f427xx.o(.text)
    DMA2_Stream6_IRQHandler                  0x0800029f   Thumb Code     0  startup_stm32f427xx.o(.text)
    DMA2_Stream7_IRQHandler                  0x0800029f   Thumb Code     0  startup_stm32f427xx.o(.text)
    ETH_IRQHandler                           0x0800029f   Thumb Code     0  startup_stm32f427xx.o(.text)
    ETH_WKUP_IRQHandler                      0x0800029f   Thumb Code     0  startup_stm32f427xx.o(.text)
    EXTI0_IRQHandler                         0x0800029f   Thumb Code     0  startup_stm32f427xx.o(.text)
    EXTI15_10_IRQHandler                     0x0800029f   Thumb Code     0  startup_stm32f427xx.o(.text)
    EXTI1_IRQHandler                         0x0800029f   Thumb Code     0  startup_stm32f427xx.o(.text)
    EXTI2_IRQHandler                         0x0800029f   Thumb Code     0  startup_stm32f427xx.o(.text)
    EXTI3_IRQHandler                         0x0800029f   Thumb Code     0  startup_stm32f427xx.o(.text)
    EXTI4_IRQHandler                         0x0800029f   Thumb Code     0  startup_stm32f427xx.o(.text)
    EXTI9_5_IRQHandler                       0x0800029f   Thumb Code     0  startup_stm32f427xx.o(.text)
    FLASH_IRQHandler                         0x0800029f   Thumb Code     0  startup_stm32f427xx.o(.text)
    FMC_IRQHandler                           0x0800029f   Thumb Code     0  startup_stm32f427xx.o(.text)
    FPU_IRQHandler                           0x0800029f   Thumb Code     0  startup_stm32f427xx.o(.text)
    HASH_RNG_IRQHandler                      0x0800029f   Thumb Code     0  startup_stm32f427xx.o(.text)
    I2C1_ER_IRQHandler                       0x0800029f   Thumb Code     0  startup_stm32f427xx.o(.text)
    I2C1_EV_IRQHandler                       0x0800029f   Thumb Code     0  startup_stm32f427xx.o(.text)
    I2C2_ER_IRQHandler                       0x0800029f   Thumb Code     0  startup_stm32f427xx.o(.text)
    I2C2_EV_IRQHandler                       0x0800029f   Thumb Code     0  startup_stm32f427xx.o(.text)
    I2C3_ER_IRQHandler                       0x0800029f   Thumb Code     0  startup_stm32f427xx.o(.text)
    I2C3_EV_IRQHandler                       0x0800029f   Thumb Code     0  startup_stm32f427xx.o(.text)
    OTG_FS_IRQHandler                        0x0800029f   Thumb Code     0  startup_stm32f427xx.o(.text)
    OTG_FS_WKUP_IRQHandler                   0x0800029f   Thumb Code     0  startup_stm32f427xx.o(.text)
    OTG_HS_EP1_IN_IRQHandler                 0x0800029f   Thumb Code     0  startup_stm32f427xx.o(.text)
    OTG_HS_EP1_OUT_IRQHandler                0x0800029f   Thumb Code     0  startup_stm32f427xx.o(.text)
    OTG_HS_IRQHandler                        0x0800029f   Thumb Code     0  startup_stm32f427xx.o(.text)
    OTG_HS_WKUP_IRQHandler                   0x0800029f   Thumb Code     0  startup_stm32f427xx.o(.text)
    PVD_IRQHandler                           0x0800029f   Thumb Code     0  startup_stm32f427xx.o(.text)
    RCC_IRQHandler                           0x0800029f   Thumb Code     0  startup_stm32f427xx.o(.text)
    RTC_Alarm_IRQHandler                     0x0800029f   Thumb Code     0  startup_stm32f427xx.o(.text)
    RTC_WKUP_IRQHandler                      0x0800029f   Thumb Code     0  startup_stm32f427xx.o(.text)
    SAI1_IRQHandler                          0x0800029f   Thumb Code     0  startup_stm32f427xx.o(.text)
    SDIO_IRQHandler                          0x0800029f   Thumb Code     0  startup_stm32f427xx.o(.text)
    SPI1_IRQHandler                          0x0800029f   Thumb Code     0  startup_stm32f427xx.o(.text)
    SPI2_IRQHandler                          0x0800029f   Thumb Code     0  startup_stm32f427xx.o(.text)
    SPI3_IRQHandler                          0x0800029f   Thumb Code     0  startup_stm32f427xx.o(.text)
    SPI4_IRQHandler                          0x0800029f   Thumb Code     0  startup_stm32f427xx.o(.text)
    SPI5_IRQHandler                          0x0800029f   Thumb Code     0  startup_stm32f427xx.o(.text)
    SPI6_IRQHandler                          0x0800029f   Thumb Code     0  startup_stm32f427xx.o(.text)
    TAMP_STAMP_IRQHandler                    0x0800029f   Thumb Code     0  startup_stm32f427xx.o(.text)
    TIM1_BRK_TIM9_IRQHandler                 0x0800029f   Thumb Code     0  startup_stm32f427xx.o(.text)
    TIM1_CC_IRQHandler                       0x0800029f   Thumb Code     0  startup_stm32f427xx.o(.text)
    TIM1_TRG_COM_TIM11_IRQHandler            0x0800029f   Thumb Code     0  startup_stm32f427xx.o(.text)
    TIM1_UP_TIM10_IRQHandler                 0x0800029f   Thumb Code     0  startup_stm32f427xx.o(.text)
    TIM2_IRQHandler                          0x0800029f   Thumb Code     0  startup_stm32f427xx.o(.text)
    TIM3_IRQHandler                          0x0800029f   Thumb Code     0  startup_stm32f427xx.o(.text)
    TIM4_IRQHandler                          0x0800029f   Thumb Code     0  startup_stm32f427xx.o(.text)
    TIM5_IRQHandler                          0x0800029f   Thumb Code     0  startup_stm32f427xx.o(.text)
    TIM7_IRQHandler                          0x0800029f   Thumb Code     0  startup_stm32f427xx.o(.text)
    TIM8_BRK_TIM12_IRQHandler                0x0800029f   Thumb Code     0  startup_stm32f427xx.o(.text)
    TIM8_CC_IRQHandler                       0x0800029f   Thumb Code     0  startup_stm32f427xx.o(.text)
    TIM8_TRG_COM_TIM14_IRQHandler            0x0800029f   Thumb Code     0  startup_stm32f427xx.o(.text)
    TIM8_UP_TIM13_IRQHandler                 0x0800029f   Thumb Code     0  startup_stm32f427xx.o(.text)
    UART4_IRQHandler                         0x0800029f   Thumb Code     0  startup_stm32f427xx.o(.text)
    UART5_IRQHandler                         0x0800029f   Thumb Code     0  startup_stm32f427xx.o(.text)
    UART7_IRQHandler                         0x0800029f   Thumb Code     0  startup_stm32f427xx.o(.text)
    UART8_IRQHandler                         0x0800029f   Thumb Code     0  startup_stm32f427xx.o(.text)
    USART1_IRQHandler                        0x0800029f   Thumb Code     0  startup_stm32f427xx.o(.text)
    USART2_IRQHandler                        0x0800029f   Thumb Code     0  startup_stm32f427xx.o(.text)
    USART3_IRQHandler                        0x0800029f   Thumb Code     0  startup_stm32f427xx.o(.text)
    USART6_IRQHandler                        0x0800029f   Thumb Code     0  startup_stm32f427xx.o(.text)
    WWDG_IRQHandler                          0x0800029f   Thumb Code     0  startup_stm32f427xx.o(.text)
    __aeabi_uldivmod                         0x080002a9   Thumb Code    98  uldiv.o(.text)
    __aeabi_memcpy                           0x0800030b   Thumb Code    36  memcpya.o(.text)
    __aeabi_memcpy4                          0x0800030b   Thumb Code     0  memcpya.o(.text)
    __aeabi_memcpy8                          0x0800030b   Thumb Code     0  memcpya.o(.text)
    __aeabi_memset                           0x0800032f   Thumb Code    14  memseta.o(.text)
    __aeabi_memset4                          0x0800032f   Thumb Code     0  memseta.o(.text)
    __aeabi_memset8                          0x0800032f   Thumb Code     0  memseta.o(.text)
    __aeabi_memclr                           0x0800033d   Thumb Code     4  memseta.o(.text)
    __aeabi_memclr4                          0x0800033d   Thumb Code     0  memseta.o(.text)
    __aeabi_memclr8                          0x0800033d   Thumb Code     0  memseta.o(.text)
    memset                                   0x08000341   Thumb Code    18  memseta.o(.text)
    __aeabi_dadd                             0x08000353   Thumb Code   322  dadd.o(.text)
    __aeabi_dsub                             0x08000495   Thumb Code     6  dadd.o(.text)
    __aeabi_drsub                            0x0800049b   Thumb Code     6  dadd.o(.text)
    __aeabi_dmul                             0x080004a1   Thumb Code   228  dmul.o(.text)
    __aeabi_i2d                              0x08000585   Thumb Code    34  dflti.o(.text)
    __aeabi_f2d                              0x080005a7   Thumb Code    38  f2d.o(.text)
    __aeabi_d2f                              0x080005cd   Thumb Code    56  d2f.o(.text)
    __aeabi_llsl                             0x08000605   Thumb Code    30  llshl.o(.text)
    _ll_shift_l                              0x08000605   Thumb Code     0  llshl.o(.text)
    __aeabi_llsr                             0x08000623   Thumb Code    32  llushr.o(.text)
    _ll_ushift_r                             0x08000623   Thumb Code     0  llushr.o(.text)
    __aeabi_lasr                             0x08000643   Thumb Code    36  llsshr.o(.text)
    _ll_sshift_r                             0x08000643   Thumb Code     0  llsshr.o(.text)
    __I$use$fp                               0x08000667   Thumb Code     0  iusefp.o(.text)
    _float_round                             0x08000667   Thumb Code    18  fepilogue.o(.text)
    _float_epilogue                          0x08000679   Thumb Code    92  fepilogue.o(.text)
    _double_round                            0x080006d5   Thumb Code    30  depilogue.o(.text)
    _double_epilogue                         0x080006f3   Thumb Code   156  depilogue.o(.text)
    __scatterload                            0x08000791   Thumb Code    28  init.o(.text)
    __scatterload_rt2                        0x08000791   Thumb Code     0  init.o(.text)
    __decompress                             0x080007b5   Thumb Code     0  __dczerorl2.o(.text)
    __decompress1                            0x080007b5   Thumb Code    86  __dczerorl2.o(.text)
    BusFault_Handler                         0x0800080b   Thumb Code     4  stm32f4xx_it.o(i.BusFault_Handler)
    CAN1_RX0_IRQHandler                      0x08000811   Thumb Code    38  stm32f4xx_it.o(i.CAN1_RX0_IRQHandler)
    CAN2_RX                                  0x08000845   Thumb Code   132  freertos.o(i.CAN2_RX)
    CAN2_RX0_IRQHandler                      0x080008d5   Thumb Code    38  stm32f4xx_it.o(i.CAN2_RX0_IRQHandler)
    CAN_0x1FF_Pitch                          0x08000909   Thumb Code    72  m6020_motor.o(i.CAN_0x1FF_Pitch)
    CAN_FILTER_Init                          0x08000961   Thumb Code   134  bsp_can.o(i.CAN_FILTER_Init)
    CAN_Receive_All                          0x080009ed   Thumb Code    80  freertos.o(i.CAN_Receive_All)
    CAN_RxMessage_Export_Date                0x08000a41   Thumb Code    68  bsp_can.o(i.CAN_RxMessage_Export_Date)
    CAN_Send                                 0x08000a85   Thumb Code   238  freertos.o(i.CAN_Send)
    CAN_cmd_gimbal                           0x08000b8d   Thumb Code    72  m6020_motor.o(i.CAN_cmd_gimbal)
    CIMU_Reset                               0x08000be5   Thumb Code    22  dji_c_imu.o(i.CIMU_Reset)
    Chassis_Follow                           0x08000bfd   Thumb Code   108  chassis.o(i.Chassis_Follow)
    Chassis_Move                             0x08000c81   Thumb Code   122  chassis.o(i.Chassis_Move)
    Check_DJI_C_IMU                          0x08000d05   Thumb Code    30  dji_c_imu.o(i.Check_DJI_C_IMU)
    Cloud_IMUYAWIPID                         0x08000d2d   Thumb Code   258  pid.o(i.Cloud_IMUYAWIPID)
    Cloud_IMUYAWOPID                         0x08000e35   Thumb Code   198  pid.o(i.Cloud_IMUYAWOPID)
    Cloud_PITCHIPID                          0x08000f01   Thumb Code   258  pid.o(i.Cloud_PITCHIPID)
    Cloud_PITCHOPID                          0x08001009   Thumb Code   198  pid.o(i.Cloud_PITCHOPID)
    Cloud_Pitch_PID                          0x080010d5   Thumb Code   220  cloud.o(i.Cloud_Pitch_PID)
    Cloud_Yaw_PID                            0x080011d5   Thumb Code   154  cloud.o(i.Cloud_Yaw_PID)
    ComputeMinOffset                         0x08001289   Thumb Code    32  chassis.o(i.ComputeMinOffset)
    DJI_C_Euler_getInfo                      0x080012a9   Thumb Code    34  dji_c_imu.o(i.DJI_C_Euler_getInfo)
    DJI_C_Gyro_getInfo                       0x080012d1   Thumb Code    24  dji_c_imu.o(i.DJI_C_Gyro_getInfo)
    DMA2_Stream2_IRQHandler                  0x080012ed   Thumb Code    10  stm32f4xx_it.o(i.DMA2_Stream2_IRQHandler)
    DebugMon_Handler                         0x08001407   Thumb Code     2  stm32f4xx_it.o(i.DebugMon_Handler)
    Error_Handler                            0x08001409   Thumb Code     6  main.o(i.Error_Handler)
    HAL_CAN_ActivateNotification             0x0800140f   Thumb Code    42  stm32f4xx_hal_can.o(i.HAL_CAN_ActivateNotification)
    HAL_CAN_AddTxMessage                     0x08001439   Thumb Code   342  stm32f4xx_hal_can.o(i.HAL_CAN_AddTxMessage)
    HAL_CAN_ConfigFilter                     0x08001591   Thumb Code   286  stm32f4xx_hal_can.o(i.HAL_CAN_ConfigFilter)
    HAL_CAN_ErrorCallback                    0x080016b5   Thumb Code     2  stm32f4xx_hal_can.o(i.HAL_CAN_ErrorCallback)
    HAL_CAN_GetRxMessage                     0x080016b7   Thumb Code   378  stm32f4xx_hal_can.o(i.HAL_CAN_GetRxMessage)
    HAL_CAN_IRQHandler                       0x08001831   Thumb Code   590  stm32f4xx_hal_can.o(i.HAL_CAN_IRQHandler)
    HAL_CAN_Init                             0x08001a7f   Thumb Code   372  stm32f4xx_hal_can.o(i.HAL_CAN_Init)
    HAL_CAN_MspInit                          0x08001bf5   Thumb Code   330  can.o(i.HAL_CAN_MspInit)
    HAL_CAN_RxFifo0FullCallback              0x08001d59   Thumb Code     2  stm32f4xx_hal_can.o(i.HAL_CAN_RxFifo0FullCallback)
    HAL_CAN_RxFifo0MsgPendingCallback        0x08001d5b   Thumb Code     2  stm32f4xx_hal_can.o(i.HAL_CAN_RxFifo0MsgPendingCallback)
    HAL_CAN_RxFifo1FullCallback              0x08001d5d   Thumb Code     2  stm32f4xx_hal_can.o(i.HAL_CAN_RxFifo1FullCallback)
    HAL_CAN_RxFifo1MsgPendingCallback        0x08001d5f   Thumb Code     2  stm32f4xx_hal_can.o(i.HAL_CAN_RxFifo1MsgPendingCallback)
    HAL_CAN_SleepCallback                    0x08001d61   Thumb Code     2  stm32f4xx_hal_can.o(i.HAL_CAN_SleepCallback)
    HAL_CAN_Start                            0x08001d63   Thumb Code    94  stm32f4xx_hal_can.o(i.HAL_CAN_Start)
    HAL_CAN_TxMailbox0AbortCallback          0x08001dc1   Thumb Code     2  stm32f4xx_hal_can.o(i.HAL_CAN_TxMailbox0AbortCallback)
    HAL_CAN_TxMailbox0CompleteCallback       0x08001dc3   Thumb Code     2  stm32f4xx_hal_can.o(i.HAL_CAN_TxMailbox0CompleteCallback)
    HAL_CAN_TxMailbox1AbortCallback          0x08001dc5   Thumb Code     2  stm32f4xx_hal_can.o(i.HAL_CAN_TxMailbox1AbortCallback)
    HAL_CAN_TxMailbox1CompleteCallback       0x08001dc7   Thumb Code     2  stm32f4xx_hal_can.o(i.HAL_CAN_TxMailbox1CompleteCallback)
    HAL_CAN_TxMailbox2AbortCallback          0x08001dc9   Thumb Code     2  stm32f4xx_hal_can.o(i.HAL_CAN_TxMailbox2AbortCallback)
    HAL_CAN_TxMailbox2CompleteCallback       0x08001dcb   Thumb Code     2  stm32f4xx_hal_can.o(i.HAL_CAN_TxMailbox2CompleteCallback)
    HAL_CAN_WakeUpFromRxMsgCallback          0x08001dcd   Thumb Code     2  stm32f4xx_hal_can.o(i.HAL_CAN_WakeUpFromRxMsgCallback)
    HAL_DMA_IRQHandler                       0x08001dd1   Thumb Code   570  stm32f4xx_hal_dma.o(i.HAL_DMA_IRQHandler)
    HAL_DMA_Init                             0x08002011   Thumb Code   232  stm32f4xx_hal_dma.o(i.HAL_DMA_Init)
    HAL_DMA_Start_IT                         0x080020fd   Thumb Code   146  stm32f4xx_hal_dma.o(i.HAL_DMA_Start_IT)
    HAL_GPIO_Init                            0x08002191   Thumb Code   472  stm32f4xx_hal_gpio.o(i.HAL_GPIO_Init)
    HAL_GPIO_WritePin                        0x0800239d   Thumb Code    12  stm32f4xx_hal_gpio.o(i.HAL_GPIO_WritePin)
    HAL_GetTick                              0x080023a9   Thumb Code     6  stm32f4xx_hal.o(i.HAL_GetTick)
    HAL_IncTick                              0x080023b5   Thumb Code    16  stm32f4xx_hal.o(i.HAL_IncTick)
    HAL_Init                                 0x080023cd   Thumb Code    54  stm32f4xx_hal.o(i.HAL_Init)
    HAL_InitTick                             0x08002409   Thumb Code   122  stm32f4xx_hal_timebase_tim.o(i.HAL_InitTick)
    HAL_MspInit                              0x08002495   Thumb Code    78  stm32f4xx_hal_msp.o(i.HAL_MspInit)
    HAL_NVIC_EnableIRQ                       0x080024e9   Thumb Code    32  stm32f4xx_hal_cortex.o(i.HAL_NVIC_EnableIRQ)
    HAL_NVIC_SetPriority                     0x08002509   Thumb Code   124  stm32f4xx_hal_cortex.o(i.HAL_NVIC_SetPriority)
    HAL_NVIC_SetPriorityGrouping             0x08002585   Thumb Code    32  stm32f4xx_hal_cortex.o(i.HAL_NVIC_SetPriorityGrouping)
    HAL_RCC_ClockConfig                      0x080025ad   Thumb Code   368  stm32f4xx_hal_rcc.o(i.HAL_RCC_ClockConfig)
    HAL_RCC_GetClockConfig                   0x08002731   Thumb Code    58  stm32f4xx_hal_rcc.o(i.HAL_RCC_GetClockConfig)
    HAL_RCC_GetHCLKFreq                      0x08002775   Thumb Code     6  stm32f4xx_hal_rcc.o(i.HAL_RCC_GetHCLKFreq)
    HAL_RCC_GetPCLK1Freq                     0x08002781   Thumb Code    22  stm32f4xx_hal_rcc.o(i.HAL_RCC_GetPCLK1Freq)
    HAL_RCC_GetPCLK2Freq                     0x080027a1   Thumb Code    22  stm32f4xx_hal_rcc.o(i.HAL_RCC_GetPCLK2Freq)
    HAL_RCC_GetSysClockFreq                  0x080027c1   Thumb Code   162  stm32f4xx_hal_rcc.o(i.HAL_RCC_GetSysClockFreq)
    HAL_RCC_OscConfig                        0x08002871   Thumb Code  1172  stm32f4xx_hal_rcc.o(i.HAL_RCC_OscConfig)
    HAL_SPI_Init                             0x08002d0d   Thumb Code   200  stm32f4xx_hal_spi.o(i.HAL_SPI_Init)
    HAL_SPI_MspInit                          0x08002dd5   Thumb Code   124  spi.o(i.HAL_SPI_MspInit)
    HAL_TIMEx_BreakCallback                  0x08002e5d   Thumb Code     2  stm32f4xx_hal_tim_ex.o(i.HAL_TIMEx_BreakCallback)
    HAL_TIMEx_CommutCallback                 0x08002e5f   Thumb Code     2  stm32f4xx_hal_tim_ex.o(i.HAL_TIMEx_CommutCallback)
    HAL_TIM_Base_Init                        0x08002e61   Thumb Code   102  stm32f4xx_hal_tim.o(i.HAL_TIM_Base_Init)
    HAL_TIM_Base_MspInit                     0x08002ec7   Thumb Code     2  stm32f4xx_hal_tim.o(i.HAL_TIM_Base_MspInit)
    HAL_TIM_Base_Start_IT                    0x08002ec9   Thumb Code   138  stm32f4xx_hal_tim.o(i.HAL_TIM_Base_Start_IT)
    HAL_TIM_IC_CaptureCallback               0x08002f71   Thumb Code     2  stm32f4xx_hal_tim.o(i.HAL_TIM_IC_CaptureCallback)
    HAL_TIM_IRQHandler                       0x08002f73   Thumb Code   406  stm32f4xx_hal_tim.o(i.HAL_TIM_IRQHandler)
    HAL_TIM_OC_DelayElapsedCallback          0x08003109   Thumb Code     2  stm32f4xx_hal_tim.o(i.HAL_TIM_OC_DelayElapsedCallback)
    HAL_TIM_PWM_PulseFinishedCallback        0x0800310b   Thumb Code     2  stm32f4xx_hal_tim.o(i.HAL_TIM_PWM_PulseFinishedCallback)
    HAL_TIM_PeriodElapsedCallback            0x0800310d   Thumb Code    18  main.o(i.HAL_TIM_PeriodElapsedCallback)
    HAL_TIM_TriggerCallback                  0x08003125   Thumb Code     2  stm32f4xx_hal_tim.o(i.HAL_TIM_TriggerCallback)
    HAL_UARTEx_RxEventCallback               0x08003127   Thumb Code     2  stm32f4xx_hal_uart.o(i.HAL_UARTEx_RxEventCallback)
    HAL_UART_ErrorCallback                   0x08003129   Thumb Code     2  stm32f4xx_hal_uart.o(i.HAL_UART_ErrorCallback)
    HAL_UART_Init                            0x0800312b   Thumb Code   114  stm32f4xx_hal_uart.o(i.HAL_UART_Init)
    HAL_UART_MspInit                         0x0800319d   Thumb Code   186  usart.o(i.HAL_UART_MspInit)
    HAL_UART_Receive_DMA                     0x0800326d   Thumb Code    66  stm32f4xx_hal_uart.o(i.HAL_UART_Receive_DMA)
    HAL_UART_RxCpltCallback                  0x080032b1   Thumb Code   250  dr16_remote.o(i.HAL_UART_RxCpltCallback)
    HAL_UART_RxHalfCpltCallback              0x080033b5   Thumb Code     2  stm32f4xx_hal_uart.o(i.HAL_UART_RxHalfCpltCallback)
    HardFault_Handler                        0x080033b7   Thumb Code     4  stm32f4xx_it.o(i.HardFault_Handler)
    Incremental_PID                          0x080033bb   Thumb Code   214  pid.o(i.Incremental_PID)
    M3508_getInfo                            0x08003491   Thumb Code    88  m3508_motor.o(i.M3508_getInfo)
    M6020_getInfo                            0x080034ed   Thumb Code   234  m6020_motor.o(i.M6020_getInfo)
    MX_CAN1_Init                             0x080035e1   Thumb Code    60  can.o(i.MX_CAN1_Init)
    MX_CAN2_Init                             0x08003625   Thumb Code    60  can.o(i.MX_CAN2_Init)
    MX_DMA_Init                              0x08003669   Thumb Code    52  dma.o(i.MX_DMA_Init)
    MX_FREERTOS_Init                         0x080036a1   Thumb Code   180  freertos.o(i.MX_FREERTOS_Init)
    MX_GPIO_Init                             0x08003775   Thumb Code   200  gpio.o(i.MX_GPIO_Init)
    MX_SPI5_Init                             0x08003845   Thumb Code    60  spi.o(i.MX_SPI5_Init)
    MX_USART1_UART_Init                      0x08003889   Thumb Code    44  usart.o(i.MX_USART1_UART_Init)
    MecanumCalculate                         0x080038c1   Thumb Code   180  chassis.o(i.MecanumCalculate)
    MemManage_Handler                        0x08003979   Thumb Code     4  stm32f4xx_it.o(i.MemManage_Handler)
    NMI_Handler                              0x0800397d   Thumb Code     4  stm32f4xx_it.o(i.NMI_Handler)
    Position_PID                             0x08003981   Thumb Code   190  pid.o(i.Position_PID)
    StartDefaultTask                         0x08003a3f   Thumb Code    10  freertos.o(i.StartDefaultTask)
    SysTick_Handler                          0x08003a49   Thumb Code    46  port.o(i.SysTick_Handler)
    SystemClock_Config                       0x08003a7d   Thumb Code   170  main.o(i.SystemClock_Config)
    SystemInit                               0x08003b31   Thumb Code    14  system_stm32f4xx.o(i.SystemInit)
    TIM6_DAC_IRQHandler                      0x08003b45   Thumb Code    10  stm32f4xx_it.o(i.TIM6_DAC_IRQHandler)
    TIM_Base_SetConfig                       0x08003b55   Thumb Code   170  stm32f4xx_hal_tim.o(i.TIM_Base_SetConfig)
    UART_Start_Receive_DMA                   0x0800400d   Thumb Code   192  stm32f4xx_hal_uart.o(i.UART_Start_Receive_DMA)
    Updata_Hand_Euler_Gyro_Data              0x080040d9   Thumb Code   198  dji_c_imu.o(i.Updata_Hand_Euler_Gyro_Data)
    UsageFault_Handler                       0x080041c1   Thumb Code     4  stm32f4xx_it.o(i.UsageFault_Handler)
    __scatterload_copy                       0x080041fd   Thumb Code    14  handlers.o(i.__scatterload_copy)
    __scatterload_null                       0x0800420b   Thumb Code     2  handlers.o(i.__scatterload_null)
    __scatterload_zeroinit                   0x0800420d   Thumb Code    14  handlers.o(i.__scatterload_zeroinit)
    cloud_Mpu                                0x08004249   Thumb Code    26  cloud.o(i.cloud_Mpu)
    main                                     0x08004271   Thumb Code    70  main.o(i.main)
    osDelay                                  0x080042d7   Thumb Code    24  cmsis_os.o(i.osDelay)
    osKernelStart                            0x080042ef   Thumb Code    10  cmsis_os.o(i.osKernelStart)
    osMessageCreate                          0x080042f9   Thumb Code    40  cmsis_os.o(i.osMessageCreate)
    osThreadCreate                           0x08004321   Thumb Code    94  cmsis_os.o(i.osThreadCreate)
    pvPortMalloc                             0x0800496d   Thumb Code   306  heap_4.o(i.pvPortMalloc)
    pxPortInitialiseStack                    0x08004ab9   Thumb Code    38  port.o(i.pxPortInitialiseStack)
    set_3508_current                         0x08004ae5   Thumb Code    68  chassis.o(i.set_3508_current)
    uxListRemove                             0x08004b35   Thumb Code    40  list.o(i.uxListRemove)
    vApplicationGetIdleTaskMemory            0x08004b5d   Thumb Code    14  freertos.o(i.vApplicationGetIdleTaskMemory)
    vListInitialise                          0x08004b75   Thumb Code    26  list.o(i.vListInitialise)
    vListInitialiseItem                      0x08004b8f   Thumb Code     6  list.o(i.vListInitialiseItem)
    vListInsert                              0x08004b95   Thumb Code    52  list.o(i.vListInsert)
    vListInsertEnd                           0x08004bc9   Thumb Code    24  list.o(i.vListInsertEnd)
    vPortEnterCritical                       0x08004be1   Thumb Code    76  port.o(i.vPortEnterCritical)
    vPortExitCritical                        0x08004c35   Thumb Code    56  port.o(i.vPortExitCritical)
    vPortFree                                0x08004c71   Thumb Code   150  heap_4.o(i.vPortFree)
    vPortSetupTimerInterrupt                 0x08004d15   Thumb Code    36  port.o(i.vPortSetupTimerInterrupt)
    vPortValidateInterruptPriority           0x08004d3d   Thumb Code   106  port.o(i.vPortValidateInterruptPriority)
    vTaskDelay                               0x08004db5   Thumb Code    82  tasks.o(i.vTaskDelay)
    vTaskInternalSetTimeOutState             0x08004e11   Thumb Code    14  tasks.o(i.vTaskInternalSetTimeOutState)
    vTaskMissedYield                         0x08004e29   Thumb Code     8  tasks.o(i.vTaskMissedYield)
    vTaskPlaceOnEventList                    0x08004e35   Thumb Code    52  tasks.o(i.vTaskPlaceOnEventList)
    vTaskStartScheduler                      0x08004e6d   Thumb Code   146  tasks.o(i.vTaskStartScheduler)
    vTaskSuspendAll                          0x08004f1d   Thumb Code    12  tasks.o(i.vTaskSuspendAll)
    vTaskSwitchContext                       0x08004f2d   Thumb Code   118  tasks.o(i.vTaskSwitchContext)
    xPortStartScheduler                      0x08004fb9   Thumb Code   330  port.o(i.xPortStartScheduler)
    xQueueGenericCreate                      0x08005121   Thumb Code    90  queue.o(i.xQueueGenericCreate)
    xQueueGenericCreateStatic                0x0800517b   Thumb Code   224  queue.o(i.xQueueGenericCreateStatic)
    xQueueGenericReset                       0x0800525d   Thumb Code   146  queue.o(i.xQueueGenericReset)
    xQueueGenericSendFromISR                 0x080052f5   Thumb Code   252  queue.o(i.xQueueGenericSendFromISR)
    xQueueReceive                            0x080053f1   Thumb Code   356  queue.o(i.xQueueReceive)
    xTaskCheckForTimeOut                     0x08005559   Thumb Code   132  tasks.o(i.xTaskCheckForTimeOut)
    xTaskCreate                              0x080055e5   Thumb Code   100  tasks.o(i.xTaskCreate)
    xTaskCreateStatic                        0x08005649   Thumb Code   186  tasks.o(i.xTaskCreateStatic)
    xTaskGetSchedulerState                   0x08005705   Thumb Code    24  tasks.o(i.xTaskGetSchedulerState)
    xTaskIncrementTick                       0x08005725   Thumb Code   282  tasks.o(i.xTaskIncrementTick)
    xTaskPriorityDisinherit                  0x0800586d   Thumb Code   188  tasks.o(i.xTaskPriorityDisinherit)
    xTaskRemoveFromEventList                 0x08005935   Thumb Code   128  tasks.o(i.xTaskRemoveFromEventList)
    xTaskResumeAll                           0x080059cd   Thumb Code   224  tasks.o(i.xTaskResumeAll)
    AHBPrescTable                            0x08005b78   Data          16  system_stm32f4xx.o(.constdata)
    APBPrescTable                            0x08005b88   Data           8  system_stm32f4xx.o(.constdata)
    Region$$Table$$Base                      0x08005bcc   Number         0  anon$$obj.o(Region$$Table)
    Region$$Table$$Limit                     0x08005bec   Number         0  anon$$obj.o(Region$$Table)
    CAN_SendHandle                           0x20000000   Data           4  freertos.o(.data)
    defaultTaskHandle                        0x20000004   Data           4  freertos.o(.data)
    Task_CAN_ReceivHandle                    0x20000008   Data           4  freertos.o(.data)
    Tack_CAN_SendHandle                      0x2000000c   Data           4  freertos.o(.data)
    Task_Can2_RXHandle                       0x20000010   Data           4  freertos.o(.data)
    CAN1_ReceiveHandle                       0x20000014   Data           4  freertos.o(.data)
    CAN2_ReceiveHandle                       0x20000018   Data           4  freertos.o(.data)
    uwTick                                   0x20000024   Data           4  stm32f4xx_hal.o(.data)
    uwTickPrio                               0x20000028   Data           4  stm32f4xx_hal.o(.data)
    uwTickFreq                               0x2000002c   Data           1  stm32f4xx_hal.o(.data)
    SystemCoreClock                          0x20000030   Data           4  system_stm32f4xx.o(.data)
    pxCurrentTCB                             0x20000034   Data           4  tasks.o(.data)
    M6020_Array                              0x2000009c   Data           8  m6020_motor.o(.data)
    a                                        0x200000ac   Data           4  m6020_motor.o(.data)
    data                                     0x200000b0   Data           8  m6020_motor.o(.data)
    p                                        0x200000b8   Data           4  m6020_motor.o(.data)
    DJI_C_Euler_Receive                      0x200000bc   Data           8  dji_c_imu.o(.data)
    DJI_C_Gyro_Receive                       0x200000c4   Data           8  dji_c_imu.o(.data)
    DJI_C_IMUFUN                             0x200000cc   Data          20  dji_c_imu.o(.data)
    Can_Fun                                  0x200000e0   Data           8  bsp_can.o(.data)
    LFWheel_PID                              0x200000e8   Data          60  chassis.o(.data)
    RFWheel_PID                              0x20000124   Data          60  chassis.o(.data)
    LBWheel_PID                              0x20000160   Data          60  chassis.o(.data)
    RBWheel_PID                              0x2000019c   Data          60  chassis.o(.data)
    Wheel_PID                                0x200001d8   Data          16  chassis.o(.data)
    FollowYawAttitude_pid                    0x200001e8   Data          64  chassis.o(.data)
    FollowYawSpeed_pid                       0x20000228   Data          64  chassis.o(.data)
    YawAttitude_PID                          0x20000270   Data          64  cloud.o(.data)
    YawSpeed_PID                             0x200002b0   Data          64  cloud.o(.data)
    M6020s_PitchOPID                         0x200002f0   Data          64  cloud.o(.data)
    M6020s_PitchIPID                         0x20000330   Data          64  cloud.o(.data)
    hcan1                                    0x200005c4   Data          40  can.o(.bss)
    hcan2                                    0x200005ec   Data          40  can.o(.bss)
    hspi5                                    0x20000614   Data          88  spi.o(.bss)
    huart1                                   0x2000066c   Data          68  usart.o(.bss)
    hdma_usart1_rx                           0x200006b0   Data          96  usart.o(.bss)
    htim6                                    0x20000710   Data          72  stm32f4xx_hal_timebase_tim.o(.bss)
    M3508s                                   0x20004448   Data         128  m3508_motor.o(.bss)
    M3508_PowerL                             0x200044c8   Data          32  m3508_motor.o(.bss)
    M3508_PowerR                             0x200044e8   Data          32  m3508_motor.o(.bss)
    M6020s_Yaw                               0x20004508   Data          28  m6020_motor.o(.bss)
    M6020s_Pitch                             0x20004524   Data          28  m6020_motor.o(.bss)
    DJI_C_IMU                                0x20004570   Data          32  dji_c_imu.o(.bss)
    RC_Ctl                                   0x20004590   Data          20  dr16_remote.o(.bss)
    DBUS_RX_buffer                           0x200045a4   Data          18  dr16_remote.o(.bss)
    can_filter_st                            0x200045b8   Data          80  bsp_can.o(.bss)
    Chassis                                  0x20004608   Data          16  chassis.o(.bss)
    Cloud_Yaw                                0x20004630   Data          24  cloud.o(.bss)
    Cloud_Pitch                              0x20004648   Data          24  cloud.o(.bss)
    __initial_sp                             0x20004a60   Data           0  startup_stm32f427xx.o(STACK)



==============================================================================

Memory Map of the image

  Image Entry point : 0x080001ad

  Load Region LR_IROM1 (Base: 0x08000000, Size: 0x00005f5c, Max: 0x00200000, ABSOLUTE, COMPRESSED[0x00005ca8])

    Execution Region ER_IROM1 (Exec base: 0x08000000, Load base: 0x08000000, Size: 0x00005bec, Max: 0x00200000, ABSOLUTE)

    Exec Addr    Load Addr    Size         Type   Attr      Idx    E Section Name        Object

    0x08000000   0x08000000   0x000001ac   Data   RO            3    RESET               startup_stm32f427xx.o
    0x080001ac   0x080001ac   0x00000000   Code   RO         5691  * .ARM.Collect$$$$00000000  mc_w.l(entry.o)
    0x080001ac   0x080001ac   0x00000004   Code   RO         5714    .ARM.Collect$$$$00000001  mc_w.l(entry2.o)
    0x080001b0   0x080001b0   0x00000004   Code   RO         5717    .ARM.Collect$$$$00000004  mc_w.l(entry5.o)
    0x080001b4   0x080001b4   0x00000000   Code   RO         5719    .ARM.Collect$$$$00000008  mc_w.l(entry7b.o)
    0x080001b4   0x080001b4   0x00000000   Code   RO         5721    .ARM.Collect$$$$0000000A  mc_w.l(entry8b.o)
    0x080001b4   0x080001b4   0x00000008   Code   RO         5722    .ARM.Collect$$$$0000000B  mc_w.l(entry9a.o)
    0x080001bc   0x080001bc   0x00000004   Code   RO         5729    .ARM.Collect$$$$0000000E  mc_w.l(entry12b.o)
    0x080001c0   0x080001c0   0x00000000   Code   RO         5724    .ARM.Collect$$$$0000000F  mc_w.l(entry10a.o)
    0x080001c0   0x080001c0   0x00000000   Code   RO         5726    .ARM.Collect$$$$00000011  mc_w.l(entry11a.o)
    0x080001c0   0x080001c0   0x00000004   Code   RO         5715    .ARM.Collect$$$$00002712  mc_w.l(entry2.o)
    0x080001c4   0x080001c4   0x000000be   Code   RO         5118    .emb_text           port.o
    0x08000282   0x08000282   0x00000002   PAD
    0x08000284   0x08000284   0x00000024   Code   RO            4    .text               startup_stm32f427xx.o
    0x080002a8   0x080002a8   0x00000062   Code   RO         5694    .text               mc_w.l(uldiv.o)
    0x0800030a   0x0800030a   0x00000024   Code   RO         5696    .text               mc_w.l(memcpya.o)
    0x0800032e   0x0800032e   0x00000024   Code   RO         5700    .text               mc_w.l(memseta.o)
    0x08000352   0x08000352   0x0000014e   Code   RO         5704    .text               mf_w.l(dadd.o)
    0x080004a0   0x080004a0   0x000000e4   Code   RO         5706    .text               mf_w.l(dmul.o)
    0x08000584   0x08000584   0x00000022   Code   RO         5708    .text               mf_w.l(dflti.o)
    0x080005a6   0x080005a6   0x00000026   Code   RO         5710    .text               mf_w.l(f2d.o)
    0x080005cc   0x080005cc   0x00000038   Code   RO         5712    .text               mf_w.l(d2f.o)
    0x08000604   0x08000604   0x0000001e   Code   RO         5730    .text               mc_w.l(llshl.o)
    0x08000622   0x08000622   0x00000020   Code   RO         5732    .text               mc_w.l(llushr.o)
    0x08000642   0x08000642   0x00000024   Code   RO         5734    .text               mc_w.l(llsshr.o)
    0x08000666   0x08000666   0x00000000   Code   RO         5736    .text               mc_w.l(iusefp.o)
    0x08000666   0x08000666   0x0000006e   Code   RO         5737    .text               mf_w.l(fepilogue.o)
    0x080006d4   0x080006d4   0x000000ba   Code   RO         5739    .text               mf_w.l(depilogue.o)
    0x0800078e   0x0800078e   0x00000002   PAD
    0x08000790   0x08000790   0x00000024   Code   RO         5741    .text               mc_w.l(init.o)
    0x080007b4   0x080007b4   0x00000056   Code   RO         5751    .text               mc_w.l(__dczerorl2.o)
    0x0800080a   0x0800080a   0x00000004   Code   RO          515    i.BusFault_Handler  stm32f4xx_it.o
    0x0800080e   0x0800080e   0x00000002   PAD
    0x08000810   0x08000810   0x00000034   Code   RO          516    i.CAN1_RX0_IRQHandler  stm32f4xx_it.o
    0x08000844   0x08000844   0x00000090   Code   RO          257    i.CAN2_RX           freertos.o
    0x080008d4   0x080008d4   0x00000034   Code   RO          517    i.CAN2_RX0_IRQHandler  stm32f4xx_it.o
    0x08000908   0x08000908   0x00000058   Code   RO         5266    i.CAN_0x1FF_Pitch   m6020_motor.o
    0x08000960   0x08000960   0x0000008c   Code   RO         5395    i.CAN_FILTER_Init   bsp_can.o
    0x080009ec   0x080009ec   0x00000054   Code   RO          258    i.CAN_Receive_All   freertos.o
    0x08000a40   0x08000a40   0x00000044   Code   RO         5396    i.CAN_RxMessage_Export_Date  bsp_can.o
    0x08000a84   0x08000a84   0x00000108   Code   RO          259    i.CAN_Send          freertos.o
    0x08000b8c   0x08000b8c   0x00000058   Code   RO         5267    i.CAN_cmd_gimbal    m6020_motor.o
    0x08000be4   0x08000be4   0x00000016   Code   RO         5309    i.CIMU_Reset        dji_c_imu.o
    0x08000bfa   0x08000bfa   0x00000002   PAD
    0x08000bfc   0x08000bfc   0x00000084   Code   RO         5554    i.Chassis_Follow    chassis.o
    0x08000c80   0x08000c80   0x00000084   Code   RO         5555    i.Chassis_Move      chassis.o
    0x08000d04   0x08000d04   0x00000028   Code   RO         5310    i.Check_DJI_C_IMU   dji_c_imu.o
    0x08000d2c   0x08000d2c   0x00000108   Code   RO         5440    i.Cloud_IMUYAWIPID  pid.o
    0x08000e34   0x08000e34   0x000000cc   Code   RO         5441    i.Cloud_IMUYAWOPID  pid.o
    0x08000f00   0x08000f00   0x00000108   Code   RO         5442    i.Cloud_PITCHIPID   pid.o
    0x08001008   0x08001008   0x000000cc   Code   RO         5443    i.Cloud_PITCHOPID   pid.o
    0x080010d4   0x080010d4   0x00000100   Code   RO         5609    i.Cloud_Pitch_PID   cloud.o
    0x080011d4   0x080011d4   0x000000b4   Code   RO         5610    i.Cloud_Yaw_PID     cloud.o
    0x08001288   0x08001288   0x00000020   Code   RO         5556    i.ComputeMinOffset  chassis.o
    0x080012a8   0x080012a8   0x00000028   Code   RO         5311    i.DJI_C_Euler_getInfo  dji_c_imu.o
    0x080012d0   0x080012d0   0x0000001c   Code   RO         5312    i.DJI_C_Gyro_getInfo  dji_c_imu.o
    0x080012ec   0x080012ec   0x00000010   Code   RO          518    i.DMA2_Stream2_IRQHandler  stm32f4xx_it.o
    0x080012fc   0x080012fc   0x00000034   Code   RO         1462    i.DMA_CalcBaseAndBitshift  stm32f4xx_hal_dma.o
    0x08001330   0x08001330   0x000000aa   Code   RO         1463    i.DMA_CheckFifoParam  stm32f4xx_hal_dma.o
    0x080013da   0x080013da   0x0000002c   Code   RO         1464    i.DMA_SetConfig     stm32f4xx_hal_dma.o
    0x08001406   0x08001406   0x00000002   Code   RO          519    i.DebugMon_Handler  stm32f4xx_it.o
    0x08001408   0x08001408   0x00000006   Code   RO           13    i.Error_Handler     main.o
    0x0800140e   0x0800140e   0x0000002a   Code   RO          668    i.HAL_CAN_ActivateNotification  stm32f4xx_hal_can.o
    0x08001438   0x08001438   0x00000156   Code   RO          669    i.HAL_CAN_AddTxMessage  stm32f4xx_hal_can.o
    0x0800158e   0x0800158e   0x00000002   PAD
    0x08001590   0x08001590   0x00000124   Code   RO          670    i.HAL_CAN_ConfigFilter  stm32f4xx_hal_can.o
    0x080016b4   0x080016b4   0x00000002   Code   RO          673    i.HAL_CAN_ErrorCallback  stm32f4xx_hal_can.o
    0x080016b6   0x080016b6   0x0000017a   Code   RO          676    i.HAL_CAN_GetRxMessage  stm32f4xx_hal_can.o
    0x08001830   0x08001830   0x0000024e   Code   RO          680    i.HAL_CAN_IRQHandler  stm32f4xx_hal_can.o
    0x08001a7e   0x08001a7e   0x00000174   Code   RO          681    i.HAL_CAN_Init      stm32f4xx_hal_can.o
    0x08001bf2   0x08001bf2   0x00000002   PAD
    0x08001bf4   0x08001bf4   0x00000164   Code   RO          359    i.HAL_CAN_MspInit   can.o
    0x08001d58   0x08001d58   0x00000002   Code   RO          688    i.HAL_CAN_RxFifo0FullCallback  stm32f4xx_hal_can.o
    0x08001d5a   0x08001d5a   0x00000002   Code   RO          689    i.HAL_CAN_RxFifo0MsgPendingCallback  stm32f4xx_hal_can.o
    0x08001d5c   0x08001d5c   0x00000002   Code   RO          690    i.HAL_CAN_RxFifo1FullCallback  stm32f4xx_hal_can.o
    0x08001d5e   0x08001d5e   0x00000002   Code   RO          691    i.HAL_CAN_RxFifo1MsgPendingCallback  stm32f4xx_hal_can.o
    0x08001d60   0x08001d60   0x00000002   Code   RO          692    i.HAL_CAN_SleepCallback  stm32f4xx_hal_can.o
    0x08001d62   0x08001d62   0x0000005e   Code   RO          693    i.HAL_CAN_Start     stm32f4xx_hal_can.o
    0x08001dc0   0x08001dc0   0x00000002   Code   RO          695    i.HAL_CAN_TxMailbox0AbortCallback  stm32f4xx_hal_can.o
    0x08001dc2   0x08001dc2   0x00000002   Code   RO          696    i.HAL_CAN_TxMailbox0CompleteCallback  stm32f4xx_hal_can.o
    0x08001dc4   0x08001dc4   0x00000002   Code   RO          697    i.HAL_CAN_TxMailbox1AbortCallback  stm32f4xx_hal_can.o
    0x08001dc6   0x08001dc6   0x00000002   Code   RO          698    i.HAL_CAN_TxMailbox1CompleteCallback  stm32f4xx_hal_can.o
    0x08001dc8   0x08001dc8   0x00000002   Code   RO          699    i.HAL_CAN_TxMailbox2AbortCallback  stm32f4xx_hal_can.o
    0x08001dca   0x08001dca   0x00000002   Code   RO          700    i.HAL_CAN_TxMailbox2CompleteCallback  stm32f4xx_hal_can.o
    0x08001dcc   0x08001dcc   0x00000002   Code   RO          702    i.HAL_CAN_WakeUpFromRxMsgCallback  stm32f4xx_hal_can.o
    0x08001dce   0x08001dce   0x00000002   PAD
    0x08001dd0   0x08001dd0   0x00000240   Code   RO         1470    i.HAL_DMA_IRQHandler  stm32f4xx_hal_dma.o
    0x08002010   0x08002010   0x000000ec   Code   RO         1471    i.HAL_DMA_Init      stm32f4xx_hal_dma.o
    0x080020fc   0x080020fc   0x00000092   Code   RO         1475    i.HAL_DMA_Start_IT  stm32f4xx_hal_dma.o
    0x0800218e   0x0800218e   0x00000002   PAD
    0x08002190   0x08002190   0x0000020c   Code   RO         1358    i.HAL_GPIO_Init     stm32f4xx_hal_gpio.o
    0x0800239c   0x0800239c   0x0000000c   Code   RO         1362    i.HAL_GPIO_WritePin  stm32f4xx_hal_gpio.o
    0x080023a8   0x080023a8   0x0000000c   Code   RO         1915    i.HAL_GetTick       stm32f4xx_hal.o
    0x080023b4   0x080023b4   0x00000018   Code   RO         1921    i.HAL_IncTick       stm32f4xx_hal.o
    0x080023cc   0x080023cc   0x0000003c   Code   RO         1922    i.HAL_Init          stm32f4xx_hal.o
    0x08002408   0x08002408   0x0000008c   Code   RO          628    i.HAL_InitTick      stm32f4xx_hal_timebase_tim.o
    0x08002494   0x08002494   0x00000054   Code   RO          604    i.HAL_MspInit       stm32f4xx_hal_msp.o
    0x080024e8   0x080024e8   0x00000020   Code   RO         1765    i.HAL_NVIC_EnableIRQ  stm32f4xx_hal_cortex.o
    0x08002508   0x08002508   0x0000007c   Code   RO         1771    i.HAL_NVIC_SetPriority  stm32f4xx_hal_cortex.o
    0x08002584   0x08002584   0x00000028   Code   RO         1772    i.HAL_NVIC_SetPriorityGrouping  stm32f4xx_hal_cortex.o
    0x080025ac   0x080025ac   0x00000184   Code   RO          902    i.HAL_RCC_ClockConfig  stm32f4xx_hal_rcc.o
    0x08002730   0x08002730   0x00000044   Code   RO          906    i.HAL_RCC_GetClockConfig  stm32f4xx_hal_rcc.o
    0x08002774   0x08002774   0x0000000c   Code   RO          907    i.HAL_RCC_GetHCLKFreq  stm32f4xx_hal_rcc.o
    0x08002780   0x08002780   0x00000020   Code   RO          909    i.HAL_RCC_GetPCLK1Freq  stm32f4xx_hal_rcc.o
    0x080027a0   0x080027a0   0x00000020   Code   RO          910    i.HAL_RCC_GetPCLK2Freq  stm32f4xx_hal_rcc.o
    0x080027c0   0x080027c0   0x000000b0   Code   RO          911    i.HAL_RCC_GetSysClockFreq  stm32f4xx_hal_rcc.o
    0x08002870   0x08002870   0x0000049c   Code   RO          914    i.HAL_RCC_OscConfig  stm32f4xx_hal_rcc.o
    0x08002d0c   0x08002d0c   0x000000c8   Code   RO         2181    i.HAL_SPI_Init      stm32f4xx_hal_spi.o
    0x08002dd4   0x08002dd4   0x00000088   Code   RO          432    i.HAL_SPI_MspInit   spi.o
    0x08002e5c   0x08002e5c   0x00000002   Code   RO         3209    i.HAL_TIMEx_BreakCallback  stm32f4xx_hal_tim_ex.o
    0x08002e5e   0x08002e5e   0x00000002   Code   RO         3210    i.HAL_TIMEx_CommutCallback  stm32f4xx_hal_tim_ex.o
    0x08002e60   0x08002e60   0x00000066   Code   RO         2494    i.HAL_TIM_Base_Init  stm32f4xx_hal_tim.o
    0x08002ec6   0x08002ec6   0x00000002   Code   RO         2496    i.HAL_TIM_Base_MspInit  stm32f4xx_hal_tim.o
    0x08002ec8   0x08002ec8   0x000000a8   Code   RO         2499    i.HAL_TIM_Base_Start_IT  stm32f4xx_hal_tim.o
    0x08002f70   0x08002f70   0x00000002   Code   RO         2528    i.HAL_TIM_IC_CaptureCallback  stm32f4xx_hal_tim.o
    0x08002f72   0x08002f72   0x00000196   Code   RO         2542    i.HAL_TIM_IRQHandler  stm32f4xx_hal_tim.o
    0x08003108   0x08003108   0x00000002   Code   RO         2545    i.HAL_TIM_OC_DelayElapsedCallback  stm32f4xx_hal_tim.o
    0x0800310a   0x0800310a   0x00000002   Code   RO         2572    i.HAL_TIM_PWM_PulseFinishedCallback  stm32f4xx_hal_tim.o
    0x0800310c   0x0800310c   0x00000018   Code   RO           14    i.HAL_TIM_PeriodElapsedCallback  main.o
    0x08003124   0x08003124   0x00000002   Code   RO         2585    i.HAL_TIM_TriggerCallback  stm32f4xx_hal_tim.o
    0x08003126   0x08003126   0x00000002   Code   RO         3487    i.HAL_UARTEx_RxEventCallback  stm32f4xx_hal_uart.o
    0x08003128   0x08003128   0x00000002   Code   RO         3501    i.HAL_UART_ErrorCallback  stm32f4xx_hal_uart.o
    0x0800312a   0x0800312a   0x00000072   Code   RO         3505    i.HAL_UART_Init     stm32f4xx_hal_uart.o
    0x0800319c   0x0800319c   0x000000d0   Code   RO          474    i.HAL_UART_MspInit  usart.o
    0x0800326c   0x0800326c   0x00000042   Code   RO         3509    i.HAL_UART_Receive_DMA  stm32f4xx_hal_uart.o
    0x080032ae   0x080032ae   0x00000002   PAD
    0x080032b0   0x080032b0   0x00000104   Code   RO         5365    i.HAL_UART_RxCpltCallback  dr16_remote.o
    0x080033b4   0x080033b4   0x00000002   Code   RO         3512    i.HAL_UART_RxHalfCpltCallback  stm32f4xx_hal_uart.o
    0x080033b6   0x080033b6   0x00000004   Code   RO          520    i.HardFault_Handler  stm32f4xx_it.o
    0x080033ba   0x080033ba   0x000000d6   Code   RO         5444    i.Incremental_PID   pid.o
    0x08003490   0x08003490   0x0000005c   Code   RO         5230    i.M3508_getInfo     m3508_motor.o
    0x080034ec   0x080034ec   0x000000f4   Code   RO         5268    i.M6020_getInfo     m6020_motor.o
    0x080035e0   0x080035e0   0x00000044   Code   RO          360    i.MX_CAN1_Init      can.o
    0x08003624   0x08003624   0x00000044   Code   RO          361    i.MX_CAN2_Init      can.o
    0x08003668   0x08003668   0x00000038   Code   RO          407    i.MX_DMA_Init       dma.o
    0x080036a0   0x080036a0   0x000000d4   Code   RO          260    i.MX_FREERTOS_Init  freertos.o
    0x08003774   0x08003774   0x000000d0   Code   RO          233    i.MX_GPIO_Init      gpio.o
    0x08003844   0x08003844   0x00000044   Code   RO          433    i.MX_SPI5_Init      spi.o
    0x08003888   0x08003888   0x00000038   Code   RO          475    i.MX_USART1_UART_Init  usart.o
    0x080038c0   0x080038c0   0x000000b8   Code   RO         5557    i.MecanumCalculate  chassis.o
    0x08003978   0x08003978   0x00000004   Code   RO          521    i.MemManage_Handler  stm32f4xx_it.o
    0x0800397c   0x0800397c   0x00000004   Code   RO          522    i.NMI_Handler       stm32f4xx_it.o
    0x08003980   0x08003980   0x000000be   Code   RO         5445    i.Position_PID      pid.o
    0x08003a3e   0x08003a3e   0x0000000a   Code   RO          261    i.StartDefaultTask  freertos.o
    0x08003a48   0x08003a48   0x00000034   Code   RO         5119    i.SysTick_Handler   port.o
    0x08003a7c   0x08003a7c   0x000000b4   Code   RO           15    i.SystemClock_Config  main.o
    0x08003b30   0x08003b30   0x00000014   Code   RO         3844    i.SystemInit        system_stm32f4xx.o
    0x08003b44   0x08003b44   0x00000010   Code   RO          523    i.TIM6_DAC_IRQHandler  stm32f4xx_it.o
    0x08003b54   0x08003b54   0x000000d8   Code   RO         2587    i.TIM_Base_SetConfig  stm32f4xx_hal_tim.o
    0x08003c2c   0x08003c2c   0x00000050   Code   RO         3519    i.UART_DMAError     stm32f4xx_hal_uart.o
    0x08003c7c   0x08003c7c   0x000000b0   Code   RO         3520    i.UART_DMAReceiveCplt  stm32f4xx_hal_uart.o
    0x08003d2c   0x08003d2c   0x00000020   Code   RO         3522    i.UART_DMARxHalfCplt  stm32f4xx_hal_uart.o
    0x08003d4c   0x08003d4c   0x0000006c   Code   RO         3528    i.UART_EndRxTransfer  stm32f4xx_hal_uart.o
    0x08003db8   0x08003db8   0x00000026   Code   RO         3530    i.UART_EndTxTransfer  stm32f4xx_hal_uart.o
    0x08003dde   0x08003dde   0x00000002   PAD
    0x08003de0   0x08003de0   0x0000022c   Code   RO         3532    i.UART_SetConfig    stm32f4xx_hal_uart.o
    0x0800400c   0x0800400c   0x000000cc   Code   RO         3533    i.UART_Start_Receive_DMA  stm32f4xx_hal_uart.o
    0x080040d8   0x080040d8   0x000000e8   Code   RO         5313    i.Updata_Hand_Euler_Gyro_Data  dji_c_imu.o
    0x080041c0   0x080041c0   0x00000004   Code   RO          524    i.UsageFault_Handler  stm32f4xx_it.o
    0x080041c4   0x080041c4   0x00000010   Code   RO         1778    i.__NVIC_GetPriorityGrouping  stm32f4xx_hal_cortex.o
    0x080041d4   0x080041d4   0x00000028   Code   RO         1779    i.__NVIC_SetPriority  stm32f4xx_hal_cortex.o
    0x080041fc   0x080041fc   0x0000000e   Code   RO         5745    i.__scatterload_copy  mc_w.l(handlers.o)
    0x0800420a   0x0800420a   0x00000002   Code   RO         5746    i.__scatterload_null  mc_w.l(handlers.o)
    0x0800420c   0x0800420c   0x0000000e   Code   RO         5747    i.__scatterload_zeroinit  mc_w.l(handlers.o)
    0x0800421a   0x0800421a   0x0000002e   Code   RO         5446    i.abs_limit         pid.o
    0x08004248   0x08004248   0x00000028   Code   RO         5611    i.cloud_Mpu         cloud.o
    0x08004270   0x08004270   0x00000058   Code   RO           16    i.main              main.o
    0x080042c8   0x080042c8   0x0000000e   Code   RO         4684    i.makeFreeRtosPriority  cmsis_os.o
    0x080042d6   0x080042d6   0x00000018   Code   RO         4686    i.osDelay           cmsis_os.o
    0x080042ee   0x080042ee   0x0000000a   Code   RO         4689    i.osKernelStart     cmsis_os.o
    0x080042f8   0x080042f8   0x00000028   Code   RO         4698    i.osMessageCreate   cmsis_os.o
    0x08004320   0x08004320   0x0000005e   Code   RO         4723    i.osThreadCreate    cmsis_os.o
    0x0800437e   0x0800437e   0x00000002   PAD
    0x08004380   0x08004380   0x00000098   Code   RO         4355    i.prvAddCurrentTaskToDelayedList  tasks.o
    0x08004418   0x08004418   0x000000b4   Code   RO         4356    i.prvAddNewTaskToReadyList  tasks.o
    0x080044cc   0x080044cc   0x00000048   Code   RO         4357    i.prvCheckTasksWaitingTermination  tasks.o
    0x08004514   0x08004514   0x0000002a   Code   RO         4021    i.prvCopyDataFromQueue  queue.o
    0x0800453e   0x0800453e   0x0000007e   Code   RO         4022    i.prvCopyDataToQueue  queue.o
    0x080045bc   0x080045bc   0x00000050   Code   RO         4358    i.prvDeleteTCB      tasks.o
    0x0800460c   0x0800460c   0x0000007c   Code   RO         5051    i.prvHeapInit       heap_4.o
    0x08004688   0x08004688   0x00000028   Code   RO         4359    i.prvIdleTask       tasks.o
    0x080046b0   0x080046b0   0x00000026   Code   RO         4025    i.prvInitialiseNewQueue  queue.o
    0x080046d6   0x080046d6   0x000000b4   Code   RO         4360    i.prvInitialiseNewTask  tasks.o
    0x0800478a   0x0800478a   0x00000002   PAD
    0x0800478c   0x0800478c   0x00000068   Code   RO         4361    i.prvInitialiseTaskLists  tasks.o
    0x080047f4   0x080047f4   0x00000068   Code   RO         5052    i.prvInsertBlockIntoFreeList  heap_4.o
    0x0800485c   0x0800485c   0x0000001a   Code   RO         4026    i.prvIsQueueEmpty   queue.o
    0x08004876   0x08004876   0x00000002   PAD
    0x08004878   0x08004878   0x00000034   Code   RO         4362    i.prvResetNextTaskUnblockTime  tasks.o
    0x080048ac   0x080048ac   0x00000040   Code   RO         5120    i.prvTaskExitError  port.o
    0x080048ec   0x080048ec   0x0000007e   Code   RO         4028    i.prvUnlockQueue    queue.o
    0x0800496a   0x0800496a   0x00000002   PAD
    0x0800496c   0x0800496c   0x0000014c   Code   RO         5053    i.pvPortMalloc      heap_4.o
    0x08004ab8   0x08004ab8   0x0000002c   Code   RO         5121    i.pxPortInitialiseStack  port.o
    0x08004ae4   0x08004ae4   0x00000050   Code   RO         5558    i.set_3508_current  chassis.o
    0x08004b34   0x08004b34   0x00000028   Code   RO         3981    i.uxListRemove      list.o
    0x08004b5c   0x08004b5c   0x00000018   Code   RO          262    i.vApplicationGetIdleTaskMemory  freertos.o
    0x08004b74   0x08004b74   0x0000001a   Code   RO         3982    i.vListInitialise   list.o
    0x08004b8e   0x08004b8e   0x00000006   Code   RO         3983    i.vListInitialiseItem  list.o
    0x08004b94   0x08004b94   0x00000034   Code   RO         3984    i.vListInsert       list.o
    0x08004bc8   0x08004bc8   0x00000018   Code   RO         3985    i.vListInsertEnd    list.o
    0x08004be0   0x08004be0   0x00000054   Code   RO         5123    i.vPortEnterCritical  port.o
    0x08004c34   0x08004c34   0x0000003c   Code   RO         5124    i.vPortExitCritical  port.o
    0x08004c70   0x08004c70   0x000000a4   Code   RO         5054    i.vPortFree         heap_4.o
    0x08004d14   0x08004d14   0x00000028   Code   RO         5125    i.vPortSetupTimerInterrupt  port.o
    0x08004d3c   0x08004d3c   0x00000078   Code   RO         5126    i.vPortValidateInterruptPriority  port.o
    0x08004db4   0x08004db4   0x0000005c   Code   RO         4371    i.vTaskDelay        tasks.o
    0x08004e10   0x08004e10   0x00000018   Code   RO         4374    i.vTaskInternalSetTimeOutState  tasks.o
    0x08004e28   0x08004e28   0x0000000c   Code   RO         4375    i.vTaskMissedYield  tasks.o
    0x08004e34   0x08004e34   0x00000038   Code   RO         4377    i.vTaskPlaceOnEventList  tasks.o
    0x08004e6c   0x08004e6c   0x000000b0   Code   RO         4384    i.vTaskStartScheduler  tasks.o
    0x08004f1c   0x08004f1c   0x00000010   Code   RO         4386    i.vTaskSuspendAll   tasks.o
    0x08004f2c   0x08004f2c   0x0000008c   Code   RO         4387    i.vTaskSwitchContext  tasks.o
    0x08004fb8   0x08004fb8   0x00000168   Code   RO         5127    i.xPortStartScheduler  port.o
    0x08005120   0x08005120   0x0000005a   Code   RO         4037    i.xQueueGenericCreate  queue.o
    0x0800517a   0x0800517a   0x000000e0   Code   RO         4038    i.xQueueGenericCreateStatic  queue.o
    0x0800525a   0x0800525a   0x00000002   PAD
    0x0800525c   0x0800525c   0x00000098   Code   RO         4039    i.xQueueGenericReset  queue.o
    0x080052f4   0x080052f4   0x000000fc   Code   RO         4041    i.xQueueGenericSendFromISR  queue.o
    0x080053f0   0x080053f0   0x00000168   Code   RO         4047    i.xQueueReceive     queue.o
    0x08005558   0x08005558   0x0000008c   Code   RO         4389    i.xTaskCheckForTimeOut  tasks.o
    0x080055e4   0x080055e4   0x00000064   Code   RO         4390    i.xTaskCreate       tasks.o
    0x08005648   0x08005648   0x000000ba   Code   RO         4391    i.xTaskCreateStatic  tasks.o
    0x08005702   0x08005702   0x00000002   PAD
    0x08005704   0x08005704   0x00000020   Code   RO         4395    i.xTaskGetSchedulerState  tasks.o
    0x08005724   0x08005724   0x00000148   Code   RO         4398    i.xTaskIncrementTick  tasks.o
    0x0800586c   0x0800586c   0x000000c8   Code   RO         4401    i.xTaskPriorityDisinherit  tasks.o
    0x08005934   0x08005934   0x00000098   Code   RO         4403    i.xTaskRemoveFromEventList  tasks.o
    0x080059cc   0x080059cc   0x00000104   Code   RO         4404    i.xTaskResumeAll    tasks.o
    0x08005ad0   0x08005ad0   0x000000a0   Data   RO          264    .constdata          freertos.o
    0x08005b70   0x08005b70   0x00000008   Data   RO         1477    .constdata          stm32f4xx_hal_dma.o
    0x08005b78   0x08005b78   0x00000018   Data   RO         3845    .constdata          system_stm32f4xx.o
    0x08005b90   0x08005b90   0x0000003c   Data   RO          265    .conststring        freertos.o
    0x08005bcc   0x08005bcc   0x00000020   Data   RO         5743    Region$$Table       anon$$obj.o


    Execution Region RW_IRAM2 (Exec base: 0x10000000, Load base: 0x08005ca8, Size: 0x00000000, Max: 0x00010000, ABSOLUTE)

    **** No section assigned to this execution region ****


    Execution Region RW_IRAM1 (Exec base: 0x20000000, Load base: 0x08005bec, Size: 0x00004a60, Max: 0x00030000, ABSOLUTE, COMPRESSED[0x000000bc])

    Exec Addr    Load Addr    Size         Type   Attr      Idx    E Section Name        Object

    0x20000000   COMPRESSED   0x0000001d   Data   RW          266    .data               freertos.o
    0x2000001d   COMPRESSED   0x00000003   PAD
    0x20000020   COMPRESSED   0x00000004   Data   RW          363    .data               can.o
    0x20000024   COMPRESSED   0x00000009   Data   RW         1929    .data               stm32f4xx_hal.o
    0x2000002d   COMPRESSED   0x00000003   PAD
    0x20000030   COMPRESSED   0x00000004   Data   RW         3846    .data               system_stm32f4xx.o
    0x20000034   COMPRESSED   0x0000003c   Data   RW         4407    .data               tasks.o
    0x20000070   COMPRESSED   0x00000020   Data   RW         5060    .data               heap_4.o
    0x20000090   COMPRESSED   0x0000000c   Data   RW         5128    .data               port.o
    0x2000009c   COMPRESSED   0x00000020   Data   RW         5270    .data               m6020_motor.o
    0x200000bc   COMPRESSED   0x00000024   Data   RW         5315    .data               dji_c_imu.o
    0x200000e0   COMPRESSED   0x00000008   Data   RW         5399    .data               bsp_can.o
    0x200000e8   COMPRESSED   0x00000188   Data   RW         5560    .data               chassis.o
    0x20000270   COMPRESSED   0x00000100   Data   RW         5613    .data               cloud.o
    0x20000370        -       0x00000254   Zero   RW          263    .bss                freertos.o
    0x200005c4        -       0x00000050   Zero   RW          362    .bss                can.o
    0x20000614        -       0x00000058   Zero   RW          434    .bss                spi.o
    0x2000066c        -       0x000000a4   Zero   RW          476    .bss                usart.o
    0x20000710        -       0x00000048   Zero   RW          631    .bss                stm32f4xx_hal_timebase_tim.o
    0x20000758        -       0x000000f0   Zero   RW         4406    .bss                tasks.o
    0x20000848        -       0x00003c00   Zero   RW         5059    .bss                heap_4.o
    0x20004448        -       0x000000c0   Zero   RW         5231    .bss                m3508_motor.o
    0x20004508        -       0x00000068   Zero   RW         5269    .bss                m6020_motor.o
    0x20004570        -       0x00000020   Zero   RW         5314    .bss                dji_c_imu.o
    0x20004590        -       0x00000026   Zero   RW         5366    .bss                dr16_remote.o
    0x200045b6   COMPRESSED   0x00000002   PAD
    0x200045b8        -       0x00000050   Zero   RW         5398    .bss                bsp_can.o
    0x20004608        -       0x00000028   Zero   RW         5559    .bss                chassis.o
    0x20004630        -       0x00000030   Zero   RW         5612    .bss                cloud.o
    0x20004660        -       0x00000400   Zero   RW            1    STACK               startup_stm32f427xx.o


==============================================================================

Image component sizes


      Code (inc. data)   RO Data    RW Data    ZI Data      Debug   Object Name

       208          6          0          8         80       2798   bsp_can.o
       492         42          0          4         80       2398   can.o
       560         50          0        392         40       5382   chassis.o
       476         76          0        256         48       2521   cloud.o
       182          0          0          0          0      23729   cmsis_os.o
       362         54          0         36         32       4253   dji_c_imu.o
        56          4          0          0          0        738   dma.o
       260         10          0          0         38       1634   dr16_remote.o
         0          0          0          0          0      19964   event_groups.o
       738         84        220         29        596      12145   freertos.o
       208          8          0          0          0        979   gpio.o
       724         74          0         32      15360       7403   heap_4.o
       148          0          0          0          0       3554   list.o
        92          4          0          0        192       1795   m3508_motor.o
       420         42          0         32        104       3462   m6020_motor.o
       298         34          0          0          0     787624   main.o
      1386         24          0          0          0       5607   pid.o
      1014         92          0         12          0      12025   port.o
      1436         10          0          0          0      14374   queue.o
       204         20          0          0         88       1629   spi.o
        36          8        428          0       1024        836   startup_stm32f427xx.o
        96         20          0          9          0       8210   stm32f4xx_hal.o
      2136          6          0          0          0      14875   stm32f4xx_hal_can.o
       252         22          0          0          0      33662   stm32f4xx_hal_cortex.o
      1224         16          8          0          0       5531   stm32f4xx_hal_dma.o
       536         52          0          0          0       2124   stm32f4xx_hal_gpio.o
        84          6          0          0          0        826   stm32f4xx_hal_msp.o
      1888         94          0          0          0       6257   stm32f4xx_hal_rcc.o
       200          0          0          0          0       1183   stm32f4xx_hal_spi.o
       902         76          0          0          0       6442   stm32f4xx_hal_tim.o
         4          0          0          0          0       1561   stm32f4xx_hal_tim_ex.o
       140         18          0          0         72       1443   stm32f4xx_hal_timebase_tim.o
      1380         22          0          0          0       8776   stm32f4xx_hal_uart.o
       158         40          0          0          0      10149   stm32f4xx_it.o
         0          0          0          0          0        384   stream_buffer.o
        20          6         24          4          0       1103   system_stm32f4xx.o
      2774        340          0         60        240      25844   tasks.o
       264         34          0          0        164       1749   usart.o

    ----------------------------------------------------------------------
     21388       1394        712        880      18160    1044969   Object Totals
         0          0         32          0          0          0   (incl. Generated)
        30          0          0          6          2          0   (incl. Padding)

    ----------------------------------------------------------------------

      Code (inc. data)   RO Data    RW Data    ZI Data      Debug   Library Member Name

        86          0          0          0          0          0   __dczerorl2.o
         0          0          0          0          0          0   entry.o
         0          0          0          0          0          0   entry10a.o
         0          0          0          0          0          0   entry11a.o
         4          0          0          0          0          0   entry12b.o
         8          4          0          0          0          0   entry2.o
         4          0          0          0          0          0   entry5.o
         0          0          0          0          0          0   entry7b.o
         0          0          0          0          0          0   entry8b.o
         8          4          0          0          0          0   entry9a.o
        30          0          0          0          0          0   handlers.o
        36          8          0          0          0         68   init.o
         0          0          0          0          0          0   iusefp.o
        30          0          0          0          0         68   llshl.o
        36          0          0          0          0         68   llsshr.o
        32          0          0          0          0         68   llushr.o
        36          0          0          0          0         68   memcpya.o
        36          0          0          0          0        108   memseta.o
        98          0          0          0          0         92   uldiv.o
        56          0          0          0          0         88   d2f.o
       334          0          0          0          0        148   dadd.o
       186          0          0          0          0        176   depilogue.o
        34          0          0          0          0         76   dflti.o
       228          0          0          0          0         96   dmul.o
        38          0          0          0          0         68   f2d.o
       110          0          0          0          0        168   fepilogue.o

    ----------------------------------------------------------------------
      1432         16          0          0          0       1360   Library Totals
         2          0          0          0          0          0   (incl. Padding)

    ----------------------------------------------------------------------

      Code (inc. data)   RO Data    RW Data    ZI Data      Debug   Library Name

       444         16          0          0          0        540   mc_w.l
       986          0          0          0          0        820   mf_w.l

    ----------------------------------------------------------------------
      1432         16          0          0          0       1360   Library Totals

    ----------------------------------------------------------------------

==============================================================================


      Code (inc. data)   RO Data    RW Data    ZI Data      Debug   

     22820       1410        712        880      18160    1028941   Grand Totals
     22820       1410        712        188      18160    1028941   ELF Image Totals (compressed)
     22820       1410        712        188          0          0   ROM Totals

==============================================================================

    Total RO  Size (Code + RO Data)                23532 (  22.98kB)
    Total RW  Size (RW Data + ZI Data)             19040 (  18.59kB)
    Total ROM Size (Code + RO Data + RW Data)      23720 (  23.16kB)

==============================================================================

